Archive member included to satisfy reference by file (symbol)

/home/giaun/tool_linux/gcc-arm-none-eabi-7-2017-q4-major/arm-none-eabi/lib/thumb/v7-m/libc.a(lib_a-memcmp.o)
                              build_arm_cortex_m3_base_boot_stm32l/app.o (memcmp)
/home/giaun/tool_linux/gcc-arm-none-eabi-7-2017-q4-major/arm-none-eabi/lib/thumb/v7-m/libc.a(lib_a-memcpy.o)
                              build_arm_cortex_m3_base_boot_stm32l/sys_boot.o (memcpy)
/home/giaun/tool_linux/gcc-arm-none-eabi-7-2017-q4-major/arm-none-eabi/lib/thumb/v7-m/libc.a(lib_a-memset.o)
                              build_arm_cortex_m3_base_boot_stm32l/app.o (memset)
/home/giaun/tool_linux/gcc-arm-none-eabi-7-2017-q4-major/arm-none-eabi/lib/thumb/v7-m/libc.a(lib_a-strlen-stub.o)
                              build_arm_cortex_m3_base_boot_stm32l/Print.o (strlen)
/home/giaun/tool_linux/gcc-arm-none-eabi-7-2017-q4-major/lib/gcc/arm-none-eabi/7.2.1/thumb/v7-m/libgcc.a(_arm_addsubdf3.o)
                              build_arm_cortex_m3_base_boot_stm32l/Print.o (__aeabi_dsub)
/home/giaun/tool_linux/gcc-arm-none-eabi-7-2017-q4-major/lib/gcc/arm-none-eabi/7.2.1/thumb/v7-m/libgcc.a(_arm_muldivdf3.o)
                              build_arm_cortex_m3_base_boot_stm32l/Print.o (__aeabi_dmul)
/home/giaun/tool_linux/gcc-arm-none-eabi-7-2017-q4-major/lib/gcc/arm-none-eabi/7.2.1/thumb/v7-m/libgcc.a(_arm_cmpdf2.o)
                              build_arm_cortex_m3_base_boot_stm32l/Print.o (__aeabi_dcmplt)
/home/giaun/tool_linux/gcc-arm-none-eabi-7-2017-q4-major/lib/gcc/arm-none-eabi/7.2.1/thumb/v7-m/libgcc.a(_arm_unorddf2.o)
                              build_arm_cortex_m3_base_boot_stm32l/Print.o (__aeabi_dcmpun)
/home/giaun/tool_linux/gcc-arm-none-eabi-7-2017-q4-major/lib/gcc/arm-none-eabi/7.2.1/thumb/v7-m/libgcc.a(_arm_fixdfsi.o)
                              build_arm_cortex_m3_base_boot_stm32l/Print.o (__aeabi_d2iz)
/home/giaun/tool_linux/gcc-arm-none-eabi-7-2017-q4-major/lib/gcc/arm-none-eabi/7.2.1/thumb/v7-m/libgcc.a(_arm_fixunsdfsi.o)
                              build_arm_cortex_m3_base_boot_stm32l/Print.o (__aeabi_d2uiz)

Allocating common symbols
Common symbol       size              file

xfunc_out           0x4               build_arm_cortex_m3_base_boot_stm32l/xprintf.o

Discarded input sections

 .text          0x0000000000000000        0x0 build_arm_cortex_m3_base_boot_stm32l/utils.o
 .data          0x0000000000000000        0x0 build_arm_cortex_m3_base_boot_stm32l/utils.o
 .bss           0x0000000000000000        0x0 build_arm_cortex_m3_base_boot_stm32l/utils.o
 .text.str_len  0x0000000000000000       0x18 build_arm_cortex_m3_base_boot_stm32l/utils.o
 .text.itoa     0x0000000000000000       0x7c build_arm_cortex_m3_base_boot_stm32l/utils.o
 .text.mem_set  0x0000000000000000       0x14 build_arm_cortex_m3_base_boot_stm32l/utils.o
 .text.mem_cpy  0x0000000000000000       0x14 build_arm_cortex_m3_base_boot_stm32l/utils.o
 .text.mem_read
                0x0000000000000000       0x14 build_arm_cortex_m3_base_boot_stm32l/utils.o
 .text.mem_write
                0x0000000000000000       0x18 build_arm_cortex_m3_base_boot_stm32l/utils.o
 .text.str_cmp  0x0000000000000000       0x30 build_arm_cortex_m3_base_boot_stm32l/utils.o
 .text.str_cpy  0x0000000000000000       0x3c build_arm_cortex_m3_base_boot_stm32l/utils.o
 .debug_info    0x0000000000000000      0xc3a build_arm_cortex_m3_base_boot_stm32l/utils.o
 .debug_abbrev  0x0000000000000000      0x299 build_arm_cortex_m3_base_boot_stm32l/utils.o
 .debug_loc     0x0000000000000000      0x5c6 build_arm_cortex_m3_base_boot_stm32l/utils.o
 .debug_aranges
                0x0000000000000000       0x58 build_arm_cortex_m3_base_boot_stm32l/utils.o
 .debug_ranges  0x0000000000000000       0x48 build_arm_cortex_m3_base_boot_stm32l/utils.o
 .debug_line    0x0000000000000000      0x284 build_arm_cortex_m3_base_boot_stm32l/utils.o
 .debug_str     0x0000000000000000      0x63a build_arm_cortex_m3_base_boot_stm32l/utils.o
 .comment       0x0000000000000000       0x7f build_arm_cortex_m3_base_boot_stm32l/utils.o
 .debug_frame   0x0000000000000000       0xc0 build_arm_cortex_m3_base_boot_stm32l/utils.o
 .ARM.attributes
                0x0000000000000000       0x33 build_arm_cortex_m3_base_boot_stm32l/utils.o
 .text          0x0000000000000000        0x0 build_arm_cortex_m3_base_boot_stm32l/xprintf.o
 .data          0x0000000000000000        0x0 build_arm_cortex_m3_base_boot_stm32l/xprintf.o
 .bss           0x0000000000000000        0x0 build_arm_cortex_m3_base_boot_stm32l/xprintf.o
 .text.xputc    0x0000000000000000       0x24 build_arm_cortex_m3_base_boot_stm32l/xprintf.o
 .text          0x0000000000000000        0x0 build_arm_cortex_m3_base_boot_stm32l/led.o
 .data          0x0000000000000000        0x0 build_arm_cortex_m3_base_boot_stm32l/led.o
 .bss           0x0000000000000000        0x0 build_arm_cortex_m3_base_boot_stm32l/led.o
[...]
Memory Configuration

Name             Origin             Length             Attributes
FLASH            0x0000000008000000 0x0000000000002000 xr
BSF              0x0000000008002000 0x0000000000001000 xr
SRAM             0x0000000020000000 0x0000000000004000 xrw
*default*        0x0000000000000000 0xffffffffffffffff

Linker script and memory map

                0x0000000000000000                HEAP_SIZE = 0x0

.start_boot_share_data_flash
                0x0000000008002000        0x0
                0x0000000008002000                _start_boot_share_data_flash = .
                0x0000000008002000                . = ALIGN (0x4)

.start_flash    0x0000000008000000        0x0
                0x0000000008000000                _start_flash = .
                0x0000000008000000                . = ALIGN (0x4)

.isr_vector     0x0000000008000000       0xf4
 *(.isr_vector)
 .isr_vector    0x0000000008000000       0xf4 build_arm_cortex_m3_base_boot_stm32l/system.o
                0x0000000008000000                isr_vector

.text           0x00000000080000f8     0x1824
                0x00000000080000f8                . = ALIGN (0x4)
 *(.text)
 .text          0x00000000080000f8       0xec /home/giaun/tool_linux/gcc-arm-none-eabi-7-2017-q4-major/arm-none-eabi/lib/thumb/v7-m/libc.a(lib_a-memcpy.o)
                0x00000000080000f8                memcpy
 *(.text*)
 .text.xprintf  0x00000000080001e4      0x1d4 build_arm_cortex_m3_base_boot_stm32l/xprintf.o
                0x00000000080001e4                xprintf
 .text.led_init
                0x00000000080003b8       0x20 build_arm_cortex_m3_base_boot_stm32l/led.o
                0x00000000080003b8                led_init
 .text.led_off  0x00000000080003d8        0xc build_arm_cortex_m3_base_boot_stm32l/led.o
                0x00000000080003d8                led_off
 .text.led_blink_set
                0x00000000080003e4       0x18 build_arm_cortex_m3_base_boot_stm32l/led.o
                0x00000000080003e4                led_blink_set
 .text.led_blink_reset
                0x00000000080003fc       0x14 build_arm_cortex_m3_base_boot_stm32l/led.o
                0x00000000080003fc                led_blink_reset
 .text.led_blink_polling
                0x0000000008000410       0x44 build_arm_cortex_m3_base_boot_stm32l/led.o
                0x0000000008000410                led_blink_polling
 .text.flash_wait_to_idle
                0x0000000008000454       0x44 build_arm_cortex_m3_base_boot_stm32l/flash.o
 .text.flash_read
                0x0000000008000498       0x4c build_arm_cortex_m3_base_boot_stm32l/flash.o
                0x0000000008000498                flash_read
 .text.sys_boot_init
                0x00000000080004e4       0x18 build_arm_cortex_m3_base_boot_stm32l/sys_boot.o
                0x00000000080004e4                sys_boot_init
 .text.sys_boot_get
                0x00000000080004fc        0xc build_arm_cortex_m3_base_boot_stm32l/sys_boot.o
                0x00000000080004fc                sys_boot_get
 .text.sys_boot_set
                0x0000000008000508       0x34 build_arm_cortex_m3_base_boot_stm32l/sys_boot.o
                0x0000000008000508                sys_boot_set
 .text.GPIO_Init
                0x000000000800053c       0x84 build_arm_cortex_m3_base_boot_stm32l/stm32l1xx_gpio.o
                0x000000000800053c                GPIO_Init
 .text.GPIO_ReadInputDataBit
                0x00000000080005c0        0xc build_arm_cortex_m3_base_boot_stm32l/stm32l1xx_gpio.o
                0x00000000080005c0                GPIO_ReadInputDataBit
 .text.GPIO_SetBits
                0x00000000080005cc        0x4 build_arm_cortex_m3_base_boot_stm32l/stm32l1xx_gpio.o
                0x00000000080005cc                GPIO_SetBits
 .text.GPIO_ResetBits
                0x00000000080005d0        0x4 build_arm_cortex_m3_base_boot_stm32l/stm32l1xx_gpio.o
                0x00000000080005d0                GPIO_ResetBits
 .text.GPIO_PinAFConfig
                0x00000000080005d4       0x28 build_arm_cortex_m3_base_boot_stm32l/stm32l1xx_gpio.o
                0x00000000080005d4                GPIO_PinAFConfig
 .text.RCC_GetClocksFreq
                0x00000000080005fc       0xac build_arm_cortex_m3_base_boot_stm32l/stm32l1xx_rcc.o
                0x00000000080005fc                RCC_GetClocksFreq
 .text.RCC_AHBPeriphClockCmd
                0x00000000080006a8       0x18 build_arm_cortex_m3_base_boot_stm32l/stm32l1xx_rcc.o
                0x00000000080006a8                RCC_AHBPeriphClockCmd
 .text.RCC_APB2PeriphClockCmd
                0x00000000080006c0       0x18 build_arm_cortex_m3_base_boot_stm32l/stm32l1xx_rcc.o
                0x00000000080006c0                RCC_APB2PeriphClockCmd
 .text.RCC_APB1PeriphClockCmd
                0x00000000080006d8       0x18 build_arm_cortex_m3_base_boot_stm32l/stm32l1xx_rcc.o
                0x00000000080006d8                RCC_APB1PeriphClockCmd
 .text.RCC_GetFlagStatus
                0x00000000080006f0       0x20 build_arm_cortex_m3_base_boot_stm32l/stm32l1xx_rcc.o
                0x00000000080006f0                RCC_GetFlagStatus
 .text.RCC_ClearFlag
                0x0000000008000710       0x10 build_arm_cortex_m3_base_boot_stm32l/stm32l1xx_rcc.o
                0x0000000008000710                RCC_ClearFlag
 .text.USART_Init
                0x0000000008000720       0xb4 build_arm_cortex_m3_base_boot_stm32l/stm32l1xx_usart.o
                0x0000000008000720                USART_Init
 .text.USART_Cmd
                0x00000000080007d4       0x18 build_arm_cortex_m3_base_boot_stm32l/stm32l1xx_usart.o
                0x00000000080007d4                USART_Cmd
 .text.USART_SendData
                0x00000000080007ec        0x8 build_arm_cortex_m3_base_boot_stm32l/stm32l1xx_usart.o
                0x00000000080007ec                USART_SendData
 .text.USART_ReceiveData
                0x00000000080007f4        0x8 build_arm_cortex_m3_base_boot_stm32l/stm32l1xx_usart.o
                0x00000000080007f4                USART_ReceiveData
 .text.USART_ITConfig
                0x00000000080007fc       0x38 build_arm_cortex_m3_base_boot_stm32l/stm32l1xx_usart.o
                0x00000000080007fc                USART_ITConfig
 .text.USART_GetFlagStatus
                0x0000000008000834        0xc build_arm_cortex_m3_base_boot_stm32l/stm32l1xx_usart.o
                0x0000000008000834                USART_GetFlagStatus
 .text.USART_GetITStatus
                0x0000000008000840       0x44 build_arm_cortex_m3_base_boot_stm32l/stm32l1xx_usart.o
                0x0000000008000840                USART_GetITStatus
 .text.USART_ClearITPendingBit
                0x0000000008000884       0x10 build_arm_cortex_m3_base_boot_stm32l/stm32l1xx_usart.o
                0x0000000008000884                USART_ClearITPendingBit
 .text.SPI_Init
                0x0000000008000894       0x40 build_arm_cortex_m3_base_boot_stm32l/stm32l1xx_spi.o
                0x0000000008000894                SPI_Init
 .text.SPI_Cmd  0x00000000080008d4       0x18 build_arm_cortex_m3_base_boot_stm32l/stm32l1xx_spi.o
                0x00000000080008d4                SPI_Cmd
 .text.SPI_I2S_ReceiveData
                0x00000000080008ec        0x4 build_arm_cortex_m3_base_boot_stm32l/stm32l1xx_spi.o
                0x00000000080008ec                SPI_I2S_ReceiveData
 .text.SPI_I2S_SendData
                0x00000000080008f0        0x4 build_arm_cortex_m3_base_boot_stm32l/stm32l1xx_spi.o
                0x00000000080008f0                SPI_I2S_SendData
 .text.SPI_I2S_GetFlagStatus
                0x00000000080008f4        0xc build_arm_cortex_m3_base_boot_stm32l/stm32l1xx_spi.o
                0x00000000080008f4                SPI_I2S_GetFlagStatus
 .text.NVIC_Init
                0x0000000008000900       0x5c build_arm_cortex_m3_base_boot_stm32l/misc.o
                0x0000000008000900                NVIC_Init
 .text.FLASH_Unlock
                0x000000000800095c       0x38 build_arm_cortex_m3_base_boot_stm32l/stm32l1xx_flash.o
                0x000000000800095c                FLASH_Unlock
 .text.FLASH_ClearFlag
                0x0000000008000994        0xc build_arm_cortex_m3_base_boot_stm32l/stm32l1xx_flash.o
                0x0000000008000994                FLASH_ClearFlag
 .text.FLASH_GetStatus
                0x00000000080009a0       0x28 build_arm_cortex_m3_base_boot_stm32l/stm32l1xx_flash.o
                0x00000000080009a0                FLASH_GetStatus
 .text.FLASH_WaitForLastOperation
                0x00000000080009c8       0x48 build_arm_cortex_m3_base_boot_stm32l/stm32l1xx_flash.o
                0x00000000080009c8                FLASH_WaitForLastOperation
 .text.FLASH_ErasePage
                0x0000000008000a10       0x48 build_arm_cortex_m3_base_boot_stm32l/stm32l1xx_flash.o
                0x0000000008000a10                FLASH_ErasePage
 .text.FLASH_FastProgramWord
                0x0000000008000a58       0x24 build_arm_cortex_m3_base_boot_stm32l/stm32l1xx_flash.o
                0x0000000008000a58                FLASH_FastProgramWord
 .text.IWDG_WriteAccessCmd
                0x0000000008000a7c        0xc build_arm_cortex_m3_base_boot_stm32l/stm32l1xx_iwdg.o
                0x0000000008000a7c                IWDG_WriteAccessCmd
 .text.IWDG_SetPrescaler
                0x0000000008000a88        0xc build_arm_cortex_m3_base_boot_stm32l/stm32l1xx_iwdg.o
                0x0000000008000a88                IWDG_SetPrescaler
 .text.IWDG_SetReload
                0x0000000008000a94        0xc build_arm_cortex_m3_base_boot_stm32l/stm32l1xx_iwdg.o
                0x0000000008000a94                IWDG_SetReload
 .text.IWDG_ReloadCounter
                0x0000000008000aa0       0x10 build_arm_cortex_m3_base_boot_stm32l/stm32l1xx_iwdg.o
                0x0000000008000aa0                IWDG_ReloadCounter
 .text.IWDG_Enable
                0x0000000008000ab0       0x10 build_arm_cortex_m3_base_boot_stm32l/stm32l1xx_iwdg.o
                0x0000000008000ab0                IWDG_Enable
 .text.disable_interrupts
                0x0000000008000ac0       0x10 build_arm_cortex_m3_base_boot_stm32l/stm32l.o
                0x0000000008000ac0                disable_interrupts
 .text.entry_critical
                0x0000000008000ad0       0x14 build_arm_cortex_m3_base_boot_stm32l/stm32l.o
                0x0000000008000ad0                entry_critical
 .text.exit_critical
                0x0000000008000ae4       0x14 build_arm_cortex_m3_base_boot_stm32l/stm32l.o
                0x0000000008000ae4                exit_critical
 .text.default_handler
                0x0000000008000af8        0x4 build_arm_cortex_m3_base_boot_stm32l/system.o
                0x0000000008000af8                svc_handler
                0x0000000008000af8                default_handler
                0x0000000008000af8                dg_monitor_handler
                0x0000000008000af8                pendsv_handler
 .text.nmi_handler
                0x0000000008000afc        0x4 build_arm_cortex_m3_base_boot_stm32l/system.o
                0x0000000008000afc                nmi_handler
 .text.shell_handler
                0x0000000008000b00       0x20 build_arm_cortex_m3_base_boot_stm32l/system.o
 .text.reset_handler
                0x0000000008000b20       0x8c build_arm_cortex_m3_base_boot_stm32l/system.o
                0x0000000008000b20                reset_handler
 .text.systick_handler
                0x0000000008000bac        0x4 build_arm_cortex_m3_base_boot_stm32l/system.o
                0x0000000008000bac                systick_handler
 .text.usage_fault_handler
                0x0000000008000bb0        0x4 build_arm_cortex_m3_base_boot_stm32l/system.o
                0x0000000008000bb0                usage_fault_handler
 .text.hard_fault_handler
                0x0000000008000bb4        0x4 build_arm_cortex_m3_base_boot_stm32l/system.o
                0x0000000008000bb4                hard_fault_handler
 .text.mem_manage_handler
                0x0000000008000bb8        0x4 build_arm_cortex_m3_base_boot_stm32l/system.o
                0x0000000008000bb8                mem_manage_handler
 .text.bus_fault_handler
                0x0000000008000bbc        0x4 build_arm_cortex_m3_base_boot_stm32l/system.o
                0x0000000008000bbc                bus_fault_handler
 .text.sys_cfg_tick
                0x0000000008000bc0       0x4c build_arm_cortex_m3_base_boot_stm32l/sys_cfg.o
                0x0000000008000bc0                sys_cfg_tick
 .text.sys_cfg_console
                0x0000000008000c0c       0xcc build_arm_cortex_m3_base_boot_stm32l/sys_cfg.o
                0x0000000008000c0c                sys_cfg_console
 .text.sys_ctrl_shell_put_char
                0x0000000008000cd8       0x2c build_arm_cortex_m3_base_boot_stm32l/sys_cfg.o
                0x0000000008000cd8                sys_ctrl_shell_put_char
 .text.xputchar
                0x0000000008000d04        0x4 build_arm_cortex_m3_base_boot_stm32l/sys_cfg.o
 .text.sys_ctrl_shell_get_char
                0x0000000008000d08       0x2c build_arm_cortex_m3_base_boot_stm32l/sys_cfg.o
                0x0000000008000d08                sys_ctrl_shell_get_char
 .text.sys_ctrl_reset
                0x0000000008000d34       0x20 build_arm_cortex_m3_base_boot_stm32l/sys_cfg.o
                0x0000000008000d34                sys_ctrl_reset
 .text.sys_ctrl_delay_us
                0x0000000008000d54       0x1c build_arm_cortex_m3_base_boot_stm32l/sys_cfg.o
                0x0000000008000d54                sys_ctrl_delay_us
 .text.sys_ctrl_delay_ms
                0x0000000008000d70       0x28 build_arm_cortex_m3_base_boot_stm32l/sys_cfg.o
                0x0000000008000d70                sys_ctrl_delay_ms
 .text.sys_ctrl_independent_watchdog_init
                0x0000000008000d98       0x30 build_arm_cortex_m3_base_boot_stm32l/sys_cfg.o
                0x0000000008000d98                sys_ctrl_independent_watchdog_init
 .text.sys_ctrl_independent_watchdog_reset
                0x0000000008000dc8       0x14 build_arm_cortex_m3_base_boot_stm32l/sys_cfg.o
                0x0000000008000dc8                sys_ctrl_independent_watchdog_reset
 .text.sys_ctrl_get_firmware_info
                0x0000000008000ddc       0x4c build_arm_cortex_m3_base_boot_stm32l/sys_cfg.o
                0x0000000008000ddc                sys_ctrl_get_firmware_info
 .text.io_button_mode_init
                0x0000000008000e28       0x38 build_arm_cortex_m3_base_boot_stm32l/io_cfg.o
                0x0000000008000e28                io_button_mode_init
 .text.io_button_mode_read
                0x0000000008000e60       0x10 build_arm_cortex_m3_base_boot_stm32l/io_cfg.o
                0x0000000008000e60                io_button_mode_read
 .text.led_life_init
                0x0000000008000e70       0x38 build_arm_cortex_m3_base_boot_stm32l/io_cfg.o
                0x0000000008000e70                led_life_init
 .text.led_life_on
                0x0000000008000ea8       0x10 build_arm_cortex_m3_base_boot_stm32l/io_cfg.o
                0x0000000008000ea8                led_life_on
 .text.led_life_off
                0x0000000008000eb8       0x10 build_arm_cortex_m3_base_boot_stm32l/io_cfg.o
                0x0000000008000eb8                led_life_off
 .text.flash_io_ctrl_init
                0x0000000008000ec8       0x38 build_arm_cortex_m3_base_boot_stm32l/io_cfg.o
                0x0000000008000ec8                flash_io_ctrl_init
 .text.flash_cs_low
                0x0000000008000f00       0x10 build_arm_cortex_m3_base_boot_stm32l/io_cfg.o
                0x0000000008000f00                flash_cs_low
 .text.flash_cs_high
                0x0000000008000f10       0x10 build_arm_cortex_m3_base_boot_stm32l/io_cfg.o
                0x0000000008000f10                flash_cs_high
 .text.flash_transfer
                0x0000000008000f20       0x34 build_arm_cortex_m3_base_boot_stm32l/io_cfg.o
                0x0000000008000f20                flash_transfer
 .text.internal_flash_unlock
                0x0000000008000f54       0x14 build_arm_cortex_m3_base_boot_stm32l/io_cfg.o
                0x0000000008000f54                internal_flash_unlock
 .text.internal_flash_erase_pages_cal
                0x0000000008000f68       0x2c build_arm_cortex_m3_base_boot_stm32l/io_cfg.o
                0x0000000008000f68                internal_flash_erase_pages_cal
 .text.internal_flash_write_cal
                0x0000000008000f94       0x54 build_arm_cortex_m3_base_boot_stm32l/io_cfg.o
                0x0000000008000f94                internal_flash_write_cal
 .text.SystemInit
                0x0000000008000fe8      0x118 build_arm_cortex_m3_base_boot_stm32l/system_stm32l1xx.o
                0x0000000008000fe8                SystemInit
 .text._ZL19jump_to_applicationv
                0x0000000008001100       0x70 build_arm_cortex_m3_base_boot_stm32l/app.o
 .text._Z29uart_boot_cmd_checksum_fw_resPv
                0x0000000008001170       0x54 build_arm_cortex_m3_base_boot_stm32l/app.o
                0x0000000008001170                uart_boot_cmd_checksum_fw_res(void*)
 .text._Z27uart_boot_cmd_handshake_resPv
                0x00000000080011c4       0x44 build_arm_cortex_m3_base_boot_stm32l/app.o
                0x00000000080011c4                uart_boot_cmd_handshake_res(void*)
 .text._Z24uart_boot_cmd_update_resPv
                0x0000000008001208       0xb0 build_arm_cortex_m3_base_boot_stm32l/app.o
                0x0000000008001208                uart_boot_cmd_update_res(void*)
 .text._Z29uart_boot_cmd_transfer_fw_resPv
                0x00000000080012b8       0x88 build_arm_cortex_m3_base_boot_stm32l/app.o
                0x00000000080012b8                uart_boot_cmd_transfer_fw_res(void*)
 .text.sys_irq_shell
                0x0000000008001340       0x10 build_arm_cortex_m3_base_boot_stm32l/app.o
                0x0000000008001340                sys_irq_shell
 .text.boot_main
                0x0000000008001350      0x1dc build_arm_cortex_m3_base_boot_stm32l/app.o
                0x0000000008001350                boot_main
 .text.sys_irq_timer_10ms
                0x000000000800152c        0xc build_arm_cortex_m3_base_boot_stm32l/app.o
                0x000000000800152c                sys_irq_timer_10ms
 .text._Z14uart_boot_initPFvPvE
                0x0000000008001538       0x14 build_arm_cortex_m3_base_boot_stm32l/uart_boot.o
                0x0000000008001538                uart_boot_init(void (*)(void*))
 .text._Z25set_uart_boot_cmd_handlerPFvPvE
                0x000000000800154c       0x10 build_arm_cortex_m3_base_boot_stm32l/uart_boot.o
                0x000000000800154c                set_uart_boot_cmd_handler(void (*)(void*))
 .text._Z21uart_boot_is_requiredv
                0x000000000800155c       0x1c build_arm_cortex_m3_base_boot_stm32l/uart_boot.o
                0x000000000800155c                uart_boot_is_required()
 .text._Z15uart_boot_writePhh
                0x0000000008001578       0x3c build_arm_cortex_m3_base_boot_stm32l/uart_boot.o
                0x0000000008001578                uart_boot_write(unsigned char*, unsigned char)
 .text._Z25uart_boot_rx_frame_parserh
                0x00000000080015b4       0x88 build_arm_cortex_m3_base_boot_stm32l/uart_boot.o
                0x00000000080015b4                uart_boot_rx_frame_parser(unsigned char)
 .text._Z31uart_boot_data_cmd_get_len_usedP20uart_boot_data_cmd_t
                0x000000000800163c        0x8 build_arm_cortex_m3_base_boot_stm32l/uart_boot.o
                0x000000000800163c                uart_boot_data_cmd_get_len_used(uart_boot_data_cmd_t*)
 .text._ZN8SPIClass5beginEv
                0x0000000008001644       0xa8 build_arm_cortex_m3_base_boot_stm32l/SPI.o
                0x0000000008001644                SPIClass::begin()
 .text.startup._GLOBAL__sub_I__ZN8SPIClassC2Ev
                0x00000000080016ec       0x10 build_arm_cortex_m3_base_boot_stm32l/SPI.o
 .text.memcmp   0x00000000080016fc       0x64 /home/giaun/tool_linux/gcc-arm-none-eabi-7-2017-q4-major/arm-none-eabi/lib/thumb/v7-m/libc.a(lib_a-memcmp.o)
                0x00000000080016fc                memcmp
 .text.memset   0x0000000008001760       0x94 /home/giaun/tool_linux/gcc-arm-none-eabi-7-2017-q4-major/arm-none-eabi/lib/thumb/v7-m/libc.a(lib_a-memset.o)
                0x0000000008001760                memset
 *fill*         0x00000000080017f4        0x4 
 .text.memset.__stub
                0x00000000080017f8        0x8 linker stubs
 *(.rodata)
 *(.rodata*)
 .rodata.boot_main.str1.4
                0x0000000008001800      0x112 build_arm_cortex_m3_base_boot_stm32l/app.o
 *fill*         0x0000000008001912        0x2 
 .rodata.str1.4
                0x0000000008001914        0x8 build_arm_cortex_m3_base_boot_stm32l/app.o
                                          0x6 (size before relaxing)
 *(.glue_7)
 .glue_7        0x000000000800191c        0x0 linker stubs
 *(.glue_7t)
 .glue_7t       0x000000000800191c        0x0 linker stubs
 *(.init)
 *(.fini)
                0x000000000800191c                . = ALIGN (0x4)
                0x000000000800191c                _etext = .

.vfp11_veneer   0x000000000800191c        0x0
 .vfp11_veneer  0x000000000800191c        0x0 linker stubs

.v4_bx          0x000000000800191c        0x0
 .v4_bx         0x000000000800191c        0x0 linker stubs

.iplt           0x000000000800191c        0x0
 .iplt          0x000000000800191c        0x0 build_arm_cortex_m3_base_boot_stm32l/xprintf.o

.rel.dyn        0x000000000800191c        0x0
 .rel.iplt      0x000000000800191c        0x0 build_arm_cortex_m3_base_boot_stm32l/xprintf.o

.preinit_array  0x000000000800191c        0x0
                [!provide]                        PROVIDE (__preinit_array_start, .)
 *(SORT_BY_NAME(.preinit_array.*))
 *(.preinit_array*)
                [!provide]                        PROVIDE (__preinit_array_end, .)

.init_array     0x000000000800191c        0x4
                [!provide]                        PROVIDE (__init_array_start, .)
 *(SORT_BY_NAME(.init_array.*))
 *(.init_array*)
 .init_array    0x000000000800191c        0x4 build_arm_cortex_m3_base_boot_stm32l/SPI.o
                [!provide]                        PROVIDE (__init_array_end, .)

.fini_array     0x0000000008001920        0x0
                [!provide]                        PROVIDE (__fini_array_start, .)
 *(.fini_array*)
 *(SORT_BY_NAME(.fini_array.*))
                [!provide]                        PROVIDE (__fini_array_end, .)

.end_flash      0x0000000008001920        0x0
                0x0000000008001920                _end_flash = .

.start_ram      0x0000000020000000        0x0
                0x0000000020000000                _start_ram = .

.data           0x0000000020000000      0x2dc load address 0x0000000008001920
                0x0000000020000000                _data = .
                0x0000000008001920                _ldata = LOADADDR (.data)
 *(vtable)
 *(.data)
 *(.data*)
 .data.APBAHBPrescTable
                0x0000000020000000       0x10 build_arm_cortex_m3_base_boot_stm32l/stm32l1xx_rcc.o
 .data.PLLMulTable
                0x0000000020000010        0x9 build_arm_cortex_m3_base_boot_stm32l/stm32l1xx_rcc.o
 *fill*         0x0000000020000019        0x3 
 .data.SystemCoreClock
                0x000000002000001c        0x4 build_arm_cortex_m3_base_boot_stm32l/system_stm32l1xx.o
                0x000000002000001c                SystemCoreClock
 .data.boot_version
                0x0000000020000020        0x4 build_arm_cortex_m3_base_boot_stm32l/app.o
                0x0000000020000020                boot_version
 *(.RamFunc)
 .RamFunc       0x0000000020000024      0x2b8 build_arm_cortex_m3_base_boot_stm32l/stm32l1xx_flash_ramfunc.o
                0x0000000020000098                FLASH_RUNPowerDownCmd
                0x00000000200000d4                FLASH_EraseParallelPage
                0x0000000020000128                FLASH_ProgramHalfPage
                0x0000000020000194                FLASH_ProgramParallelHalfPage
                0x0000000020000228                DATA_EEPROM_EraseDoubleWord
                0x0000000020000280                DATA_EEPROM_ProgramDoubleWord
 *(.RamFunc*)
                0x00000000200002dc                _edata = .

.igot.plt       0x00000000200002dc        0x0 load address 0x0000000008001bfc
 .igot.plt      0x00000000200002dc        0x0 build_arm_cortex_m3_base_boot_stm32l/xprintf.o

non_clear_ram   0x00000000200002dc        0x1 load address 0x0000000008001bfc
 non_clear_ram  0x00000000200002dc        0x1 build_arm_cortex_m3_base_boot_stm32l/system.o
                0x00000000200002dc                power_on_reset

.non_clear_ram  0x00000000200002dd        0x0
                0x00000000200002dd                _non_clear_ram = .
 *(.non_clear_ram)
 *(.non_clear_ram*)
                0x00000000200002dd                _enon_clear_ram = .

.bss            0x00000000200002e0      0x1e4 load address 0x0000000008001c00
                0x00000000200002e0                _bss = .
 *(.bss)
 *(.bss*)
 .bss.sys_boot_obj
                0x00000000200002e0       0x58 build_arm_cortex_m3_base_boot_stm32l/sys_boot.o
 .bss.nest_entry_critical_counter
                0x0000000020000338        0x4 build_arm_cortex_m3_base_boot_stm32l/stm32l.o
 .bss._ZL17transfer_fw_index
                0x000000002000033c        0x4 build_arm_cortex_m3_base_boot_stm32l/app.o
 .bss.app_sys_boot
                0x0000000020000340       0x58 build_arm_cortex_m3_base_boot_stm32l/app.o
                0x0000000020000340                app_sys_boot
 .bss.led_life  0x0000000020000398       0x1c build_arm_cortex_m3_base_boot_stm32l/app.o
                0x0000000020000398                led_life
 .bss._ZL15uart_boot_frame
                0x00000000200003b4      0x108 build_arm_cortex_m3_base_boot_stm32l/uart_boot.o
 .bss.SPI       0x00000000200004bc        0x2 build_arm_cortex_m3_base_boot_stm32l/SPI.o
                0x00000000200004bc                SPI
 *(COMMON)
 *fill*         0x00000000200004be        0x2 
 COMMON         0x00000000200004c0        0x4 build_arm_cortex_m3_base_boot_stm32l/xprintf.o
                0x00000000200004c0                xfunc_out
                0x00000000200004c4                _ebss = .

.heap           0x00000000200004c4        0x0
                0x00000000200004c4                __heap_start__ = .
                0x00000000200004c4                . = (. + HEAP_SIZE)
                0x00000000200004c4                . = ALIGN (0x4)
                0x00000000200004c4                __heap_end__ = .

.end_ram        0x00000000200004c4        0x0
                0x00000000200004c4                _end_ram = .
                0x0000000020004000                _estack = (ORIGIN (SRAM) + LENGTH (SRAM))

/DISCARD/
 libc.a(*)
 libm.a(*)
 libg.a(*)
 libgcc.a(*)
LOAD /home/giaun/tool_linux/gcc-arm-none-eabi-7-2017-q4-major/arm-none-eabi/lib/thumb/v7-m/libc.a
LOAD /home/giaun/tool_linux/gcc-arm-none-eabi-7-2017-q4-major/arm-none-eabi/lib/thumb/v7-m/libm.a
LOAD /home/giaun/tool_linux/gcc-arm-none-eabi-7-2017-q4-major/lib/gcc/arm-none-eabi/7.2.1/thumb/v7-m/libgcc.a
LOAD /home/giaun/tool_linux/gcc-arm-none-eabi-7-2017-q4-major/arm-none-eabi/lib/thumb/v7-m/libg.a
LOAD build_arm_cortex_m3_base_boot_stm32l/utils.o
LOAD build_arm_cortex_m3_base_boot_stm32l/xprintf.o
LOAD build_arm_cortex_m3_base_boot_stm32l/led.o
LOAD build_arm_cortex_m3_base_boot_stm32l/flash.o
LOAD build_arm_cortex_m3_base_boot_stm32l/sys_dbg.o
LOAD build_arm_cortex_m3_base_boot_stm32l/sys_boot.o
LOAD build_arm_cortex_m3_base_boot_stm32l/stm32l1xx_gpio.o
LOAD build_arm_cortex_m3_base_boot_stm32l/stm32l1xx_rcc.o
LOAD build_arm_cortex_m3_base_boot_stm32l/stm32l1xx_usart.o
LOAD build_arm_cortex_m3_base_boot_stm32l/stm32l1xx_spi.o
LOAD build_arm_cortex_m3_base_boot_stm32l/misc.o
LOAD build_arm_cortex_m3_base_boot_stm32l/stm32l1xx_exti.o
LOAD build_arm_cortex_m3_base_boot_stm32l/stm32l1xx_syscfg.o
LOAD build_arm_cortex_m3_base_boot_stm32l/stm32l1xx_tim.o
LOAD build_arm_cortex_m3_base_boot_stm32l/stm32l1xx_adc.o
LOAD build_arm_cortex_m3_base_boot_stm32l/stm32l1xx_rtc.o
LOAD build_arm_cortex_m3_base_boot_stm32l/stm32l1xx_pwr.o
LOAD build_arm_cortex_m3_base_boot_stm32l/stm32l1xx_flash.o
LOAD build_arm_cortex_m3_base_boot_stm32l/stm32l1xx_iwdg.o
LOAD build_arm_cortex_m3_base_boot_stm32l/stm32l1xx_comp.o
LOAD build_arm_cortex_m3_base_boot_stm32l/stm32l1xx_dac.o
LOAD build_arm_cortex_m3_base_boot_stm32l/stm32l1xx_flash_ramfunc.o
LOAD build_arm_cortex_m3_base_boot_stm32l/stm32l.o
LOAD build_arm_cortex_m3_base_boot_stm32l/system.o
LOAD build_arm_cortex_m3_base_boot_stm32l/sys_cfg.o
LOAD build_arm_cortex_m3_base_boot_stm32l/io_cfg.o
LOAD build_arm_cortex_m3_base_boot_stm32l/system_stm32l1xx.o
LOAD build_arm_cortex_m3_base_boot_stm32l/app.o
LOAD build_arm_cortex_m3_base_boot_stm32l/uart_boot.o
LOAD build_arm_cortex_m3_base_boot_stm32l/eeprom.o
LOAD build_arm_cortex_m3_base_boot_stm32l/SPI.o
LOAD build_arm_cortex_m3_base_boot_stm32l/wiring_digital.o
LOAD build_arm_cortex_m3_base_boot_stm32l/wiring_shift.o
LOAD build_arm_cortex_m3_base_boot_stm32l/Print.o
LOAD /home/giaun/tool_linux/gcc-arm-none-eabi-7-2017-q4-major/arm-none-eabi/lib/thumb/v7-m/libc.a
LOAD /home/giaun/tool_linux/gcc-arm-none-eabi-7-2017-q4-major/arm-none-eabi/lib/thumb/v7-m/libm.a
LOAD /home/giaun/tool_linux/gcc-arm-none-eabi-7-2017-q4-major/lib/gcc/arm-none-eabi/7.2.1/thumb/v7-m/libgcc.a
LOAD /home/giaun/tool_linux/gcc-arm-none-eabi-7-2017-q4-major/arm-none-eabi/lib/thumb/v7-m/libg.a
OUTPUT(build_arm_cortex_m3_base_boot_stm32l/arm_cortex_m3_base_boot.axf elf32-littlearm)

.debug_info     0x0000000000000000     0xf9fb
 .debug_info    0x0000000000000000      0xbc6 build_arm_cortex_m3_base_boot_stm32l/xprintf.o
 .debug_info    0x0000000000000bc6      0x378 build_arm_cortex_m3_base_boot_stm32l/led.o
 .debug_info    0x0000000000000f3e      0x6d8 build_arm_cortex_m3_base_boot_stm32l/flash.o
 .debug_info    0x0000000000001616      0xbc9 build_arm_cortex_m3_base_boot_stm32l/sys_boot.o
 .debug_info    0x00000000000021df      0x7ec build_arm_cortex_m3_base_boot_stm32l/stm32l1xx_gpio.o
 .debug_info    0x00000000000029cb      0xac2 build_arm_cortex_m3_base_boot_stm32l/stm32l1xx_rcc.o
 .debug_info    0x000000000000348d      0xb09 build_arm_cortex_m3_base_boot_stm32l/stm32l1xx_usart.o
 .debug_info    0x0000000000003f96      0x9c7 build_arm_cortex_m3_base_boot_stm32l/stm32l1xx_spi.o
 .debug_info    0x000000000000495d      0x54b build_arm_cortex_m3_base_boot_stm32l/misc.o
 .debug_info    0x0000000000004ea8     0x14d3 build_arm_cortex_m3_base_boot_stm32l/stm32l1xx_flash.o
 .debug_info    0x000000000000637b      0x212 build_arm_cortex_m3_base_boot_stm32l/stm32l1xx_iwdg.o
 .debug_info    0x000000000000658d      0x52f build_arm_cortex_m3_base_boot_stm32l/stm32l1xx_flash_ramfunc.o
 .debug_info    0x0000000000006abc      0x1b2 build_arm_cortex_m3_base_boot_stm32l/stm32l.o
 .debug_info    0x0000000000006c6e      0x557 build_arm_cortex_m3_base_boot_stm32l/system.o
 .debug_info    0x00000000000071c5     0x1315 build_arm_cortex_m3_base_boot_stm32l/sys_cfg.o
 .debug_info    0x00000000000084da     0x372e build_arm_cortex_m3_base_boot_stm32l/io_cfg.o
 .debug_info    0x000000000000bc08      0x593 build_arm_cortex_m3_base_boot_stm32l/system_stm32l1xx.o
 .debug_info    0x000000000000c19b     0x27e2 build_arm_cortex_m3_base_boot_stm32l/app.o
 .debug_info    0x000000000000e97d      0x4fc build_arm_cortex_m3_base_boot_stm32l/uart_boot.o
 .debug_info    0x000000000000ee79      0xb82 build_arm_cortex_m3_base_boot_stm32l/SPI.o

.debug_abbrev   0x0000000000000000     0x308a
 .debug_abbrev  0x0000000000000000      0x2bd build_arm_cortex_m3_base_boot_stm32l/xprintf.o
 .debug_abbrev  0x00000000000002bd      0x16e build_arm_cortex_m3_base_boot_stm32l/led.o
 .debug_abbrev  0x000000000000042b      0x18d build_arm_cortex_m3_base_boot_stm32l/flash.o
 .debug_abbrev  0x00000000000005b8      0x272 build_arm_cortex_m3_base_boot_stm32l/sys_boot.o
 .debug_abbrev  0x000000000000082a      0x20a build_arm_cortex_m3_base_boot_stm32l/stm32l1xx_gpio.o
 .debug_abbrev  0x0000000000000a34      0x2aa build_arm_cortex_m3_base_boot_stm32l/stm32l1xx_rcc.o
 .debug_abbrev  0x0000000000000cde      0x1ec build_arm_cortex_m3_base_boot_stm32l/stm32l1xx_usart.o
 .debug_abbrev  0x0000000000000eca      0x1fb build_arm_cortex_m3_base_boot_stm32l/stm32l1xx_spi.o
 .debug_abbrev  0x00000000000010c5      0x183 build_arm_cortex_m3_base_boot_stm32l/misc.o
 .debug_abbrev  0x0000000000001248      0x314 build_arm_cortex_m3_base_boot_stm32l/stm32l1xx_flash.o
 .debug_abbrev  0x000000000000155c      0x13f build_arm_cortex_m3_base_boot_stm32l/stm32l1xx_iwdg.o
 .debug_abbrev  0x000000000000169b      0x1de build_arm_cortex_m3_base_boot_stm32l/stm32l1xx_flash_ramfunc.o
 .debug_abbrev  0x0000000000001879       0xd6 build_arm_cortex_m3_base_boot_stm32l/stm32l.o
 .debug_abbrev  0x000000000000194f      0x2c0 build_arm_cortex_m3_base_boot_stm32l/system.o
 .debug_abbrev  0x0000000000001c0f      0x381 build_arm_cortex_m3_base_boot_stm32l/sys_cfg.o
 .debug_abbrev  0x0000000000001f90      0x439 build_arm_cortex_m3_base_boot_stm32l/io_cfg.o
 .debug_abbrev  0x00000000000023c9      0x17f build_arm_cortex_m3_base_boot_stm32l/system_stm32l1xx.o
 .debug_abbrev  0x0000000000002548      0x5e2 build_arm_cortex_m3_base_boot_stm32l/app.o
 .debug_abbrev  0x0000000000002b2a      0x27f build_arm_cortex_m3_base_boot_stm32l/uart_boot.o
 .debug_abbrev  0x0000000000002da9      0x2e1 build_arm_cortex_m3_base_boot_stm32l/SPI.o

.debug_loc      0x0000000000000000     0x501b
 .debug_loc     0x0000000000000000      0x3d4 build_arm_cortex_m3_base_boot_stm32l/xprintf.o
 .debug_loc     0x00000000000003d4      0x265 build_arm_cortex_m3_base_boot_stm32l/led.o
 .debug_loc     0x0000000000000639      0x269 build_arm_cortex_m3_base_boot_stm32l/flash.o
 .debug_loc     0x00000000000008a2       0x58 build_arm_cortex_m3_base_boot_stm32l/sys_boot.o
 .debug_loc     0x00000000000008fa      0x3a6 build_arm_cortex_m3_base_boot_stm32l/stm32l1xx_gpio.o
 .debug_loc     0x0000000000000ca0      0x795 build_arm_cortex_m3_base_boot_stm32l/stm32l1xx_rcc.o
 .debug_loc     0x0000000000001435      0x7e2 build_arm_cortex_m3_base_boot_stm32l/stm32l1xx_usart.o
 .debug_loc     0x0000000000001c17      0x559 build_arm_cortex_m3_base_boot_stm32l/stm32l1xx_spi.o
 .debug_loc     0x0000000000002170      0x143 build_arm_cortex_m3_base_boot_stm32l/misc.o
 .debug_loc     0x00000000000022b3     0x187c build_arm_cortex_m3_base_boot_stm32l/stm32l1xx_flash.o
 .debug_loc     0x0000000000003b2f       0x62 build_arm_cortex_m3_base_boot_stm32l/stm32l1xx_iwdg.o
 .debug_loc     0x0000000000003b91      0x44a build_arm_cortex_m3_base_boot_stm32l/stm32l1xx_flash_ramfunc.o
 .debug_loc     0x0000000000003fdb       0x51 build_arm_cortex_m3_base_boot_stm32l/system.o
 .debug_loc     0x000000000000402c       0xf8 build_arm_cortex_m3_base_boot_stm32l/sys_cfg.o
 .debug_loc     0x0000000000004124      0x615 build_arm_cortex_m3_base_boot_stm32l/io_cfg.o
 .debug_loc     0x0000000000004739      0x123 build_arm_cortex_m3_base_boot_stm32l/system_stm32l1xx.o
 .debug_loc     0x000000000000485c      0x3ab build_arm_cortex_m3_base_boot_stm32l/app.o
 .debug_loc     0x0000000000004c07      0x277 build_arm_cortex_m3_base_boot_stm32l/uart_boot.o
 .debug_loc     0x0000000000004e7e      0x19d build_arm_cortex_m3_base_boot_stm32l/SPI.o

.debug_aranges  0x0000000000000000      0xc18
 .debug_aranges
                0x0000000000000000       0x28 build_arm_cortex_m3_base_boot_stm32l/xprintf.o
 .debug_aranges
                0x0000000000000028       0x50 build_arm_cortex_m3_base_boot_stm32l/led.o
 .debug_aranges
                0x0000000000000078       0x58 build_arm_cortex_m3_base_boot_stm32l/flash.o
 .debug_aranges
                0x00000000000000d0       0x30 build_arm_cortex_m3_base_boot_stm32l/sys_boot.o
 .debug_aranges
                0x0000000000000100       0x88 build_arm_cortex_m3_base_boot_stm32l/stm32l1xx_gpio.o
 .debug_aranges
                0x0000000000000188      0x148 build_arm_cortex_m3_base_boot_stm32l/stm32l1xx_rcc.o
 .debug_aranges
                0x00000000000002d0      0x100 build_arm_cortex_m3_base_boot_stm32l/stm32l1xx_usart.o
 .debug_aranges
                0x00000000000003d0       0xd0 build_arm_cortex_m3_base_boot_stm32l/stm32l1xx_spi.o
 .debug_aranges
                0x00000000000004a0       0x40 build_arm_cortex_m3_base_boot_stm32l/misc.o
 .debug_aranges
                0x00000000000004e0      0x188 build_arm_cortex_m3_base_boot_stm32l/stm32l1xx_flash.o
 .debug_aranges
                0x0000000000000668       0x48 build_arm_cortex_m3_base_boot_stm32l/stm32l1xx_iwdg.o
 .debug_aranges
                0x00000000000006b0       0x58 build_arm_cortex_m3_base_boot_stm32l/stm32l1xx_flash_ramfunc.o
 .debug_aranges
                0x0000000000000708       0x40 build_arm_cortex_m3_base_boot_stm32l/stm32l.o
 .debug_aranges
                0x0000000000000748       0x58 build_arm_cortex_m3_base_boot_stm32l/system.o
 .debug_aranges
                0x00000000000007a0       0xa8 build_arm_cortex_m3_base_boot_stm32l/sys_cfg.o
 .debug_aranges
                0x0000000000000848      0x298 build_arm_cortex_m3_base_boot_stm32l/io_cfg.o
 .debug_aranges
                0x0000000000000ae0       0x28 build_arm_cortex_m3_base_boot_stm32l/system_stm32l1xx.o
 .debug_aranges
                0x0000000000000b08       0x58 build_arm_cortex_m3_base_boot_stm32l/app.o
 .debug_aranges
                0x0000000000000b60       0x48 build_arm_cortex_m3_base_boot_stm32l/uart_boot.o
 .debug_aranges
                0x0000000000000ba8       0x70 build_arm_cortex_m3_base_boot_stm32l/SPI.o

.debug_ranges   0x0000000000000000      0xd68
 .debug_ranges  0x0000000000000000       0x78 build_arm_cortex_m3_base_boot_stm32l/xprintf.o
 .debug_ranges  0x0000000000000078       0x40 build_arm_cortex_m3_base_boot_stm32l/led.o
 .debug_ranges  0x00000000000000b8       0x48 build_arm_cortex_m3_base_boot_stm32l/flash.o
 .debug_ranges  0x0000000000000100       0x20 build_arm_cortex_m3_base_boot_stm32l/sys_boot.o
 .debug_ranges  0x0000000000000120       0x78 build_arm_cortex_m3_base_boot_stm32l/stm32l1xx_gpio.o
 .debug_ranges  0x0000000000000198      0x158 build_arm_cortex_m3_base_boot_stm32l/stm32l1xx_rcc.o
 .debug_ranges  0x00000000000002f0       0xf0 build_arm_cortex_m3_base_boot_stm32l/stm32l1xx_usart.o
 .debug_ranges  0x00000000000003e0       0xc0 build_arm_cortex_m3_base_boot_stm32l/stm32l1xx_spi.o
 .debug_ranges  0x00000000000004a0       0x30 build_arm_cortex_m3_base_boot_stm32l/misc.o
 .debug_ranges  0x00000000000004d0      0x238 build_arm_cortex_m3_base_boot_stm32l/stm32l1xx_flash.o
 .debug_ranges  0x0000000000000708       0x38 build_arm_cortex_m3_base_boot_stm32l/stm32l1xx_iwdg.o
 .debug_ranges  0x0000000000000740       0x48 build_arm_cortex_m3_base_boot_stm32l/stm32l1xx_flash_ramfunc.o
 .debug_ranges  0x0000000000000788       0x30 build_arm_cortex_m3_base_boot_stm32l/stm32l.o
 .debug_ranges  0x00000000000007b8       0x60 build_arm_cortex_m3_base_boot_stm32l/system.o
 .debug_ranges  0x0000000000000818       0xc8 build_arm_cortex_m3_base_boot_stm32l/sys_cfg.o
 .debug_ranges  0x00000000000008e0      0x288 build_arm_cortex_m3_base_boot_stm32l/io_cfg.o
 .debug_ranges  0x0000000000000b68       0x38 build_arm_cortex_m3_base_boot_stm32l/system_stm32l1xx.o
 .debug_ranges  0x0000000000000ba0      0x130 build_arm_cortex_m3_base_boot_stm32l/app.o
 .debug_ranges  0x0000000000000cd0       0x38 build_arm_cortex_m3_base_boot_stm32l/uart_boot.o
 .debug_ranges  0x0000000000000d08       0x60 build_arm_cortex_m3_base_boot_stm32l/SPI.o

.debug_line     0x0000000000000000     0x5812
 .debug_line    0x0000000000000000      0x28d build_arm_cortex_m3_base_boot_stm32l/xprintf.o
 .debug_line    0x000000000000028d      0x29c build_arm_cortex_m3_base_boot_stm32l/led.o
 .debug_line    0x0000000000000529      0x358 build_arm_cortex_m3_base_boot_stm32l/flash.o
 .debug_line    0x0000000000000881      0x2c8 build_arm_cortex_m3_base_boot_stm32l/sys_boot.o
 .debug_line    0x0000000000000b49      0x3ef build_arm_cortex_m3_base_boot_stm32l/stm32l1xx_gpio.o
 .debug_line    0x0000000000000f38      0x5bd build_arm_cortex_m3_base_boot_stm32l/stm32l1xx_rcc.o
 .debug_line    0x00000000000014f5      0x57c build_arm_cortex_m3_base_boot_stm32l/stm32l1xx_usart.o
 .debug_line    0x0000000000001a71      0x4be build_arm_cortex_m3_base_boot_stm32l/stm32l1xx_spi.o
 .debug_line    0x0000000000001f2f      0x2a5 build_arm_cortex_m3_base_boot_stm32l/misc.o
 .debug_line    0x00000000000021d4      0x8b7 build_arm_cortex_m3_base_boot_stm32l/stm32l1xx_flash.o
 .debug_line    0x0000000000002a8b      0x256 build_arm_cortex_m3_base_boot_stm32l/stm32l1xx_iwdg.o
 .debug_line    0x0000000000002ce1      0x328 build_arm_cortex_m3_base_boot_stm32l/stm32l1xx_flash_ramfunc.o
 .debug_line    0x0000000000003009      0x275 build_arm_cortex_m3_base_boot_stm32l/stm32l.o
 .debug_line    0x000000000000327e      0x39e build_arm_cortex_m3_base_boot_stm32l/system.o
 .debug_line    0x000000000000361c      0x536 build_arm_cortex_m3_base_boot_stm32l/sys_cfg.o
 .debug_line    0x0000000000003b52      0xca1 build_arm_cortex_m3_base_boot_stm32l/io_cfg.o
 .debug_line    0x00000000000047f3      0x257 build_arm_cortex_m3_base_boot_stm32l/system_stm32l1xx.o
 .debug_line    0x0000000000004a4a      0x793 build_arm_cortex_m3_base_boot_stm32l/app.o
 .debug_line    0x00000000000051dd      0x2c8 build_arm_cortex_m3_base_boot_stm32l/uart_boot.o
 .debug_line    0x00000000000054a5      0x36d build_arm_cortex_m3_base_boot_stm32l/SPI.o

.debug_str      0x0000000000000000     0x44d2
 .debug_str     0x0000000000000000      0x581 build_arm_cortex_m3_base_boot_stm32l/xprintf.o
                                        0x637 (size before relaxing)
 .debug_str     0x0000000000000581       0xde build_arm_cortex_m3_base_boot_stm32l/led.o
                                        0x28c (size before relaxing)
 .debug_str     0x000000000000065f      0x131 build_arm_cortex_m3_base_boot_stm32l/flash.o
                                        0x2fd (size before relaxing)
 .debug_str     0x0000000000000790      0x1a0 build_arm_cortex_m3_base_boot_stm32l/sys_boot.o
                                        0x7b1 (size before relaxing)
 .debug_str     0x0000000000000930      0x320 build_arm_cortex_m3_base_boot_stm32l/stm32l1xx_gpio.o
                                        0x549 (size before relaxing)
 .debug_str     0x0000000000000c50      0x515 build_arm_cortex_m3_base_boot_stm32l/stm32l1xx_rcc.o
                                        0x77a (size before relaxing)
 .debug_str     0x0000000000001165      0x467 build_arm_cortex_m3_base_boot_stm32l/stm32l1xx_usart.o
                                        0x73a (size before relaxing)
 .debug_str     0x00000000000015cc      0x37e build_arm_cortex_m3_base_boot_stm32l/stm32l1xx_spi.o
                                        0x6a7 (size before relaxing)
 .debug_str     0x000000000000194a      0x225 build_arm_cortex_m3_base_boot_stm32l/misc.o
                                        0x439 (size before relaxing)
 .debug_str     0x0000000000001b6f      0x617 build_arm_cortex_m3_base_boot_stm32l/stm32l1xx_flash.o
                                        0x84c (size before relaxing)
 .debug_str     0x0000000000002186       0xf0 build_arm_cortex_m3_base_boot_stm32l/stm32l1xx_iwdg.o
                                        0x2d7 (size before relaxing)
 .debug_str     0x0000000000002276      0x14f build_arm_cortex_m3_base_boot_stm32l/stm32l1xx_flash_ramfunc.o
                                        0x432 (size before relaxing)
 .debug_str     0x00000000000023c5       0x81 build_arm_cortex_m3_base_boot_stm32l/stm32l.o
                                        0x275 (size before relaxing)
 .debug_str     0x0000000000002446      0x1f6 build_arm_cortex_m3_base_boot_stm32l/system.o
                                        0x48a (size before relaxing)
 .debug_str     0x000000000000263c      0x657 build_arm_cortex_m3_base_boot_stm32l/sys_cfg.o
                                        0xe36 (size before relaxing)
 .debug_str     0x0000000000002c93      0xc66 build_arm_cortex_m3_base_boot_stm32l/io_cfg.o
                                       0x1bd0 (size before relaxing)
 .debug_str     0x00000000000038f9       0x43 build_arm_cortex_m3_base_boot_stm32l/system_stm32l1xx.o
                                        0x397 (size before relaxing)
 .debug_str     0x000000000000393c      0x9cc build_arm_cortex_m3_base_boot_stm32l/app.o
                                       0x149f (size before relaxing)
 .debug_str     0x0000000000004308       0x63 build_arm_cortex_m3_base_boot_stm32l/uart_boot.o
                                        0x507 (size before relaxing)
 .debug_str     0x000000000000436b      0x167 build_arm_cortex_m3_base_boot_stm32l/SPI.o
                                        0x888 (size before relaxing)

.comment        0x0000000000000000       0x7e
 .comment       0x0000000000000000       0x7e build_arm_cortex_m3_base_boot_stm32l/xprintf.o
                                         0x7f (size before relaxing)
 .comment       0x000000000000007e       0x7f build_arm_cortex_m3_base_boot_stm32l/led.o
 .comment       0x000000000000007e       0x7f build_arm_cortex_m3_base_boot_stm32l/flash.o
 .comment       0x000000000000007e       0x7f build_arm_cortex_m3_base_boot_stm32l/sys_boot.o
 .comment       0x000000000000007e       0x7f build_arm_cortex_m3_base_boot_stm32l/stm32l1xx_gpio.o
 .comment       0x000000000000007e       0x7f build_arm_cortex_m3_base_boot_stm32l/stm32l1xx_rcc.o
 .comment       0x000000000000007e       0x7f build_arm_cortex_m3_base_boot_stm32l/stm32l1xx_usart.o
 .comment       0x000000000000007e       0x7f build_arm_cortex_m3_base_boot_stm32l/stm32l1xx_spi.o
 .comment       0x000000000000007e       0x7f build_arm_cortex_m3_base_boot_stm32l/misc.o
 .comment       0x000000000000007e       0x7f build_arm_cortex_m3_base_boot_stm32l/stm32l1xx_flash.o
 .comment       0x000000000000007e       0x7f build_arm_cortex_m3_base_boot_stm32l/stm32l1xx_iwdg.o
 .comment       0x000000000000007e       0x7f build_arm_cortex_m3_base_boot_stm32l/stm32l1xx_flash_ramfunc.o
 .comment       0x000000000000007e       0x7f build_arm_cortex_m3_base_boot_stm32l/stm32l.o
 .comment       0x000000000000007e       0x7f build_arm_cortex_m3_base_boot_stm32l/system.o
 .comment       0x000000000000007e       0x7f build_arm_cortex_m3_base_boot_stm32l/sys_cfg.o
 .comment       0x000000000000007e       0x7f build_arm_cortex_m3_base_boot_stm32l/io_cfg.o
 .comment       0x000000000000007e       0x7f build_arm_cortex_m3_base_boot_stm32l/system_stm32l1xx.o
 .comment       0x000000000000007e       0x7f build_arm_cortex_m3_base_boot_stm32l/app.o
 .comment       0x000000000000007e       0x7f build_arm_cortex_m3_base_boot_stm32l/uart_boot.o
 .comment       0x000000000000007e       0x7f build_arm_cortex_m3_base_boot_stm32l/SPI.o

.ARM.attributes
                0x0000000000000000       0x31
 .ARM.attributes
                0x0000000000000000       0x33 build_arm_cortex_m3_base_boot_stm32l/xprintf.o
 .ARM.attributes
                0x0000000000000033       0x33 build_arm_cortex_m3_base_boot_stm32l/led.o
 .ARM.attributes
                0x0000000000000066       0x33 build_arm_cortex_m3_base_boot_stm32l/flash.o
 .ARM.attributes
                0x0000000000000099       0x33 build_arm_cortex_m3_base_boot_stm32l/sys_boot.o
 .ARM.attributes
                0x00000000000000cc       0x33 build_arm_cortex_m3_base_boot_stm32l/stm32l1xx_gpio.o
 .ARM.attributes
                0x00000000000000ff       0x33 build_arm_cortex_m3_base_boot_stm32l/stm32l1xx_rcc.o
 .ARM.attributes
                0x0000000000000132       0x33 build_arm_cortex_m3_base_boot_stm32l/stm32l1xx_usart.o
 .ARM.attributes
                0x0000000000000165       0x33 build_arm_cortex_m3_base_boot_stm32l/stm32l1xx_spi.o
 .ARM.attributes
                0x0000000000000198       0x33 build_arm_cortex_m3_base_boot_stm32l/misc.o
 .ARM.attributes
                0x00000000000001cb       0x33 build_arm_cortex_m3_base_boot_stm32l/stm32l1xx_flash.o
 .ARM.attributes
                0x00000000000001fe       0x33 build_arm_cortex_m3_base_boot_stm32l/stm32l1xx_iwdg.o
 .ARM.attributes
                0x0000000000000231       0x33 build_arm_cortex_m3_base_boot_stm32l/stm32l1xx_flash_ramfunc.o
 .ARM.attributes
                0x0000000000000264       0x33 build_arm_cortex_m3_base_boot_stm32l/stm32l.o
 .ARM.attributes
                0x0000000000000297       0x33 build_arm_cortex_m3_base_boot_stm32l/system.o
 .ARM.attributes
                0x00000000000002ca       0x33 build_arm_cortex_m3_base_boot_stm32l/sys_cfg.o
 .ARM.attributes
                0x00000000000002fd       0x33 build_arm_cortex_m3_base_boot_stm32l/io_cfg.o
 .ARM.attributes
                0x0000000000000330       0x33 build_arm_cortex_m3_base_boot_stm32l/system_stm32l1xx.o
 .ARM.attributes
                0x0000000000000363       0x33 build_arm_cortex_m3_base_boot_stm32l/app.o
 .ARM.attributes
                0x0000000000000396       0x33 build_arm_cortex_m3_base_boot_stm32l/uart_boot.o
 .ARM.attributes
                0x00000000000003c9       0x33 build_arm_cortex_m3_base_boot_stm32l/SPI.o
 .ARM.attributes
                0x00000000000003fc       0x2d /home/giaun/tool_linux/gcc-arm-none-eabi-7-2017-q4-major/arm-none-eabi/lib/thumb/v7-m/libc.a(lib_a-memcmp.o)
 .ARM.attributes
                0x0000000000000429       0x1b /home/giaun/tool_linux/gcc-arm-none-eabi-7-2017-q4-major/arm-none-eabi/lib/thumb/v7-m/libc.a(lib_a-memcpy.o)
 .ARM.attributes
                0x0000000000000444       0x2d /home/giaun/tool_linux/gcc-arm-none-eabi-7-2017-q4-major/arm-none-eabi/lib/thumb/v7-m/libc.a(lib_a-memset.o)

.debug_frame    0x0000000000000000     0x20bc
 .debug_frame   0x0000000000000000       0x7c build_arm_cortex_m3_base_boot_stm32l/xprintf.o
 .debug_frame   0x000000000000007c       0xa8 build_arm_cortex_m3_base_boot_stm32l/led.o
 .debug_frame   0x0000000000000124      0x108 build_arm_cortex_m3_base_boot_stm32l/flash.o
 .debug_frame   0x000000000000022c       0x54 build_arm_cortex_m3_base_boot_stm32l/sys_boot.o
 .debug_frame   0x0000000000000280      0x15c build_arm_cortex_m3_base_boot_stm32l/stm32l1xx_gpio.o
 .debug_frame   0x00000000000003dc      0x284 build_arm_cortex_m3_base_boot_stm32l/stm32l1xx_rcc.o
 .debug_frame   0x0000000000000660      0x258 build_arm_cortex_m3_base_boot_stm32l/stm32l1xx_usart.o
 .debug_frame   0x00000000000008b8      0x1cc build_arm_cortex_m3_base_boot_stm32l/stm32l1xx_spi.o
 .debug_frame   0x0000000000000a84       0x7c build_arm_cortex_m3_base_boot_stm32l/misc.o
 .debug_frame   0x0000000000000b00      0x4d8 build_arm_cortex_m3_base_boot_stm32l/stm32l1xx_flash.o
 .debug_frame   0x0000000000000fd8       0x70 build_arm_cortex_m3_base_boot_stm32l/stm32l1xx_iwdg.o
 .debug_frame   0x0000000000001048       0xe8 build_arm_cortex_m3_base_boot_stm32l/stm32l1xx_flash_ramfunc.o
 .debug_frame   0x0000000000001130       0x60 build_arm_cortex_m3_base_boot_stm32l/stm32l.o
 .debug_frame   0x0000000000001190       0xf8 build_arm_cortex_m3_base_boot_stm32l/system.o
 .debug_frame   0x0000000000001288      0x20c build_arm_cortex_m3_base_boot_stm32l/sys_cfg.o
 .debug_frame   0x0000000000001494      0x8a4 build_arm_cortex_m3_base_boot_stm32l/io_cfg.o
 .debug_frame   0x0000000000001d38       0x48 build_arm_cortex_m3_base_boot_stm32l/system_stm32l1xx.o
 .debug_frame   0x0000000000001d80      0x120 build_arm_cortex_m3_base_boot_stm32l/app.o
 .debug_frame   0x0000000000001ea0       0xb0 build_arm_cortex_m3_base_boot_stm32l/uart_boot.o
 .debug_frame   0x0000000000001f50       0xfc build_arm_cortex_m3_base_boot_stm32l/SPI.o
 .debug_frame   0x000000000000204c       0x38 /home/giaun/tool_linux/gcc-arm-none-eabi-7-2017-q4-major/arm-none-eabi/lib/thumb/v7-m/libc.a(lib_a-memcmp.o)
 .debug_frame   0x0000000000002084       0x38 /home/giaun/tool_linux/gcc-arm-none-eabi-7-2017-q4-major/arm-none-eabi/lib/thumb/v7-m/libc.a(lib_a-memset.o)
