Archive member included to satisfy reference by file (symbol)

/home/giaun/tool_linux/gcc-arm-none-eabi-7-2017-q4-major/arm-none-eabi/lib/thumb/v7-m/libc.a(lib_a-atof.o)
                              build_arm_cortex_m3_base_application_stm32l/WString.o (atof)
/home/giaun/tool_linux/gcc-arm-none-eabi-7-2017-q4-major/arm-none-eabi/lib/thumb/v7-m/libc.a(lib_a-atol.o)
                              build_arm_cortex_m3_base_application_stm32l/WString.o (atol)
/home/giaun/tool_linux/gcc-arm-none-eabi-7-2017-q4-major/arm-none-eabi/lib/thumb/v7-m/libc.a(lib_a-isspace.o)
                              build_arm_cortex_m3_base_application_stm32l/WString.o (isspace)
/home/giaun/tool_linux/gcc-arm-none-eabi-7-2017-q4-major/arm-none-eabi/lib/thumb/v7-m/libc.a(lib_a-locale.o)
                              /home/giaun/tool_linux/gcc-arm-none-eabi-7-2017-q4-major/arm-none-eabi/lib/thumb/v7-m/libc.a(lib_a-isspace.o) (__locale_ctype_ptr)
/home/giaun/tool_linux/gcc-arm-none-eabi-7-2017-q4-major/arm-none-eabi/lib/thumb/v7-m/libc.a(lib_a-malloc.o)
                              build_arm_cortex_m3_base_application_stm32l/message.o (malloc)
/home/giaun/tool_linux/gcc-arm-none-eabi-7-2017-q4-major/arm-none-eabi/lib/thumb/v7-m/libc.a(lib_a-mallocr.o)
                              /home/giaun/tool_linux/gcc-arm-none-eabi-7-2017-q4-major/arm-none-eabi/lib/thumb/v7-m/libc.a(lib_a-malloc.o) (_malloc_r)
/home/giaun/tool_linux/gcc-arm-none-eabi-7-2017-q4-major/arm-none-eabi/lib/thumb/v7-m/libc.a(lib_a-mbtowc_r.o)
                              /home/giaun/tool_linux/gcc-arm-none-eabi-7-2017-q4-major/arm-none-eabi/lib/thumb/v7-m/libc.a(lib_a-locale.o) (__ascii_mbtowc)
/home/giaun/tool_linux/gcc-arm-none-eabi-7-2017-q4-major/arm-none-eabi/lib/thumb/v7-m/libc.a(lib_a-memcmp.o)
                              build_arm_cortex_m3_base_application_stm32l/task_fw.o (memcmp)
/home/giaun/tool_linux/gcc-arm-none-eabi-7-2017-q4-major/arm-none-eabi/lib/thumb/v7-m/libc.a(lib_a-memcpy.o)
                              build_arm_cortex_m3_base_application_stm32l/message.o (memcpy)
/home/giaun/tool_linux/gcc-arm-none-eabi-7-2017-q4-major/arm-none-eabi/lib/thumb/v7-m/libc.a(lib_a-memmove.o)
                              build_arm_cortex_m3_base_application_stm32l/WString.o (memmove)
/home/giaun/tool_linux/gcc-arm-none-eabi-7-2017-q4-major/arm-none-eabi/lib/thumb/v7-m/libc.a(lib_a-memset.o)
                              build_arm_cortex_m3_base_application_stm32l/ir.o (memset)
/home/giaun/tool_linux/gcc-arm-none-eabi-7-2017-q4-major/arm-none-eabi/lib/thumb/v7-m/libc.a(lib_a-mlock.o)
                              /home/giaun/tool_linux/gcc-arm-none-eabi-7-2017-q4-major/arm-none-eabi/lib/thumb/v7-m/libc.a(lib_a-mallocr.o) (__malloc_lock)
/home/giaun/tool_linux/gcc-arm-none-eabi-7-2017-q4-major/arm-none-eabi/lib/thumb/v7-m/libc.a(lib_a-printf.o)
                              build_arm_cortex_m3_base_application_stm32l/modbus_rtu.o (printf)
/home/giaun/tool_linux/gcc-arm-none-eabi-7-2017-q4-major/arm-none-eabi/lib/thumb/v7-m/libc.a(lib_a-rand.o)
                              build_arm_cortex_m3_base_application_stm32l/WMath.o (srand)
/home/giaun/tool_linux/gcc-arm-none-eabi-7-2017-q4-major/arm-none-eabi/lib/thumb/v7-m/libc.a(lib_a-realloc.o)
                              build_arm_cortex_m3_base_application_stm32l/MPU6050.o (realloc)
/home/giaun/tool_linux/gcc-arm-none-eabi-7-2017-q4-major/arm-none-eabi/lib/thumb/v7-m/libc.a(lib_a-reallocr.o)
                              /home/giaun/tool_linux/gcc-arm-none-eabi-7-2017-q4-major/arm-none-eabi/lib/thumb/v7-m/libc.a(lib_a-realloc.o) (_realloc_r)
/home/giaun/tool_linux/gcc-arm-none-eabi-7-2017-q4-major/arm-none-eabi/lib/thumb/v7-m/libc.a(lib_a-sbrkr.o)
                              /home/giaun/tool_linux/gcc-arm-none-eabi-7-2017-q4-major/arm-none-eabi/lib/thumb/v7-m/libc.a(lib_a-mallocr.o) (_sbrk_r)
/home/giaun/tool_linux/gcc-arm-none-eabi-7-2017-q4-major/arm-none-eabi/lib/thumb/v7-m/libc.a(lib_a-strcat.o)
                              build_arm_cortex_m3_base_application_stm32l/dtostrf.o (strcat)
/home/giaun/tool_linux/gcc-arm-none-eabi-7-2017-q4-major/arm-none-eabi/lib/thumb/v7-m/libc.a(lib_a-strchr.o)
                              build_arm_cortex_m3_base_application_stm32l/WString.o (strchr)
/home/giaun/tool_linux/gcc-arm-none-eabi-7-2017-q4-major/arm-none-eabi/lib/thumb/v7-m/libc.a(lib_a-strcmp.o)
                              build_arm_cortex_m3_base_application_stm32l/cmd_line.o (strcmp)
/home/giaun/tool_linux/gcc-arm-none-eabi-7-2017-q4-major/arm-none-eabi/lib/thumb/v7-m/libc.a(lib_a-strcpy.o)
                              build_arm_cortex_m3_base_application_stm32l/sys_dbg.o (strcpy)
/home/giaun/tool_linux/gcc-arm-none-eabi-7-2017-q4-major/arm-none-eabi/lib/thumb/v7-m/libc.a(lib_a-strlen-stub.o)
                              build_arm_cortex_m3_base_application_stm32l/dtostrf.o (strlen)
/home/giaun/tool_linux/gcc-arm-none-eabi-7-2017-q4-major/arm-none-eabi/lib/thumb/v7-m/libc.a(lib_a-strncmp.o)
[...]
Memory Configuration

Name             Origin             Length             Attributes
BSF              0x0000000008002000 0x0000000000001000 xr
FLASH            0x0000000008003000 0x000000000000d000 xr
SRAM             0x0000000020000000 0x0000000000004000 xrw
*default*        0x0000000000000000 0xffffffffffffffff

Linker script and memory map

                0x0000000000000800                HEAP_SIZE = 0x800

.start_boot_share_data_flash
                0x0000000008002000        0x0
                0x0000000008002000                _start_boot_share_data_flash = .

.start_flash    0x0000000008003000        0x0
                0x0000000008003000                _start_flash = .

.isr_vector     0x0000000008003000       0xf4
 *(.isr_vector)
 .isr_vector    0x0000000008003000       0xf4 build_arm_cortex_m3_base_application_stm32l/system.o
                0x0000000008003000                isr_vector
                0x00000000080030f4                . = ALIGN (0x4)

.text           0x00000000080030f8     0xb874
                0x00000000080030f8                . = ALIGN (0x4)
 *(.text)
 .text          0x00000000080030f8       0xec /home/giaun/tool_linux/gcc-arm-none-eabi-7-2017-q4-major/arm-none-eabi/lib/thumb/v7-m/libc.a(lib_a-memcpy.o)
                0x00000000080030f8                memcpy
 .text          0x00000000080031e4      0x1bc /home/giaun/tool_linux/gcc-arm-none-eabi-7-2017-q4-major/arm-none-eabi/lib/thumb/v7-m/libc.a(lib_a-strcmp.o)
                0x00000000080031e4                strcmp
 .text          0x00000000080033a0      0x378 /home/giaun/tool_linux/gcc-arm-none-eabi-7-2017-q4-major/lib/gcc/arm-none-eabi/7.2.1/thumb/v7-m/libgcc.a(_arm_addsubdf3.o)
                0x00000000080033a0                __aeabi_drsub
                0x00000000080033a8                __aeabi_dsub
                0x00000000080033a8                __subdf3
                0x00000000080033ac                __adddf3
                0x00000000080033ac                __aeabi_dadd
                0x0000000008003624                __aeabi_ui2d
                0x0000000008003624                __floatunsidf
                0x0000000008003644                __floatsidf
                0x0000000008003644                __aeabi_i2d
                0x0000000008003668                __extendsfdf2
                0x0000000008003668                __aeabi_f2d
                0x00000000080036ac                __aeabi_ul2d
                0x00000000080036ac                __floatundidf
                0x00000000080036bc                __floatdidf
                0x00000000080036bc                __aeabi_l2d
 .text          0x0000000008003718      0x424 /home/giaun/tool_linux/gcc-arm-none-eabi-7-2017-q4-major/lib/gcc/arm-none-eabi/7.2.1/thumb/v7-m/libgcc.a(_arm_muldivdf3.o)
                0x0000000008003718                __aeabi_dmul
                0x0000000008003718                __muldf3
                0x000000000800396c                __aeabi_ddiv
                0x000000000800396c                __divdf3
 .text          0x0000000008003b3c       0xa0 /home/giaun/tool_linux/gcc-arm-none-eabi-7-2017-q4-major/lib/gcc/arm-none-eabi/7.2.1/thumb/v7-m/libgcc.a(_arm_truncdfsf2.o)
                0x0000000008003b3c                __aeabi_d2f
                0x0000000008003b3c                __truncdfsf2
 .text          0x0000000008003bdc      0x21c /home/giaun/tool_linux/gcc-arm-none-eabi-7-2017-q4-major/lib/gcc/arm-none-eabi/7.2.1/thumb/v7-m/libgcc.a(_arm_addsubsf3.o)
                0x0000000008003bdc                __aeabi_frsub
                0x0000000008003be4                __subsf3
                0x0000000008003be4                __aeabi_fsub
                0x0000000008003be8                __aeabi_fadd
                0x0000000008003be8                __addsf3
                0x0000000008003d48                __aeabi_ui2f
                0x0000000008003d48                __floatunsisf
                0x0000000008003d50                __aeabi_i2f
                0x0000000008003d50                __floatsisf
                0x0000000008003d6c                __floatundisf
                0x0000000008003d6c                __aeabi_ul2f
                0x0000000008003d7c                __floatdisf
                0x0000000008003d7c                __aeabi_l2f
 .text          0x0000000008003df8      0x2a0 /home/giaun/tool_linux/gcc-arm-none-eabi-7-2017-q4-major/lib/gcc/arm-none-eabi/7.2.1/thumb/v7-m/libgcc.a(_arm_muldivsf3.o)
                0x0000000008003df8                __mulsf3
                0x0000000008003df8                __aeabi_fmul
                0x0000000008003f60                __divsf3
                0x0000000008003f60                __aeabi_fdiv
 .text          0x0000000008004098       0xec /home/giaun/tool_linux/gcc-arm-none-eabi-7-2017-q4-major/lib/gcc/arm-none-eabi/7.2.1/thumb/v7-m/libgcc.a(_arm_cmpsf2.o)
                0x0000000008004098                __gtsf2
                0x0000000008004098                __gesf2
                0x00000000080040a0                __lesf2
                0x00000000080040a0                __ltsf2
                0x00000000080040a8                __nesf2
                0x00000000080040a8                __eqsf2
                0x00000000080040a8                __cmpsf2
                0x0000000008004108                __aeabi_cfrcmple
                0x0000000008004110                __aeabi_cfcmple
                0x0000000008004110                __aeabi_cfcmpeq
                0x0000000008004120                __aeabi_fcmpeq
                0x0000000008004134                __aeabi_fcmplt
                0x0000000008004148                __aeabi_fcmple
                0x000000000800415c                __aeabi_fcmpge
                0x0000000008004170                __aeabi_fcmpgt
 .text          0x0000000008004184       0x4c /home/giaun/tool_linux/gcc-arm-none-eabi-7-2017-q4-major/lib/gcc/arm-none-eabi/7.2.1/thumb/v7-m/libgcc.a(_arm_fixsfsi.o)
                0x0000000008004184                __fixsfsi
                0x0000000008004184                __aeabi_f2iz
 .text          0x00000000080041d0       0x40 /home/giaun/tool_linux/gcc-arm-none-eabi-7-2017-q4-major/lib/gcc/arm-none-eabi/7.2.1/thumb/v7-m/libgcc.a(_arm_fixunssfsi.o)
                0x00000000080041d0                __aeabi_f2uiz
                0x00000000080041d0                __fixunssfsi
 *(.text*)
 .text.fsm_dispatch
                0x0000000008004210        0x8 build_arm_cortex_m3_base_application_stm32l/fsm.o
                0x0000000008004210                fsm_dispatch
 .text.task_create
                0x0000000008004218       0x40 build_arm_cortex_m3_base_application_stm32l/task.o
                0x0000000008004218                task_create
 .text.task_post
                0x0000000008004258       0x78 build_arm_cortex_m3_base_application_stm32l/task.o
                0x0000000008004258                task_post
 .text.task_remove_msg
                0x00000000080042d0       0x98 build_arm_cortex_m3_base_application_stm32l/task.o
                0x00000000080042d0                task_remove_msg
 .text.task_post_pure_msg
                0x0000000008004368       0x18 build_arm_cortex_m3_base_application_stm32l/task.o
                0x0000000008004368                task_post_pure_msg
 .text.task_post_common_msg
                0x0000000008004380       0x28 build_arm_cortex_m3_base_application_stm32l/task.o
                0x0000000008004380                task_post_common_msg
 .text.task_entry_interrupt
                0x00000000080043a8       0x1c build_arm_cortex_m3_base_application_stm32l/task.o
                0x00000000080043a8                task_entry_interrupt
 .text.task_exit_interrupt
                0x00000000080043c4       0x24 build_arm_cortex_m3_base_application_stm32l/task.o
                0x00000000080043c4                task_exit_interrupt
 .text.task_init
                0x00000000080043e8       0x40 build_arm_cortex_m3_base_application_stm32l/task.o
                0x00000000080043e8                task_init
 .text.task_run
                0x0000000008004428       0xf0 build_arm_cortex_m3_base_application_stm32l/task.o
                0x0000000008004428                task_run
 .text.get_current_task_id
                0x0000000008004518        0xc build_arm_cortex_m3_base_application_stm32l/task.o
                0x0000000008004518                get_current_task_id
 .text.get_current_task_info
                0x0000000008004524        0x8 build_arm_cortex_m3_base_application_stm32l/task.o
                0x0000000008004524                get_current_task_info
 .text.get_current_active_object
                0x000000000800452c        0x8 build_arm_cortex_m3_base_application_stm32l/task.o
                0x000000000800452c                get_current_active_object
 .text.timer_remove_msg
                0x0000000008004534       0x5c build_arm_cortex_m3_base_application_stm32l/timer.o
 .text.task_timer_tick
                0x0000000008004590       0x7c build_arm_cortex_m3_base_application_stm32l/timer.o
                0x0000000008004590                task_timer_tick
 .text.timer_init
                0x000000000800460c       0x54 build_arm_cortex_m3_base_application_stm32l/timer.o
                0x000000000800460c                timer_init
 .text.timer_tick
                0x0000000008004660       0x38 build_arm_cortex_m3_base_application_stm32l/timer.o
                0x0000000008004660                timer_tick
 .text.timer_set
                0x0000000008004698       0x8c build_arm_cortex_m3_base_application_stm32l/timer.o
                0x0000000008004698                timer_set
 .text.timer_remove_attr
                0x0000000008004724       0x18 build_arm_cortex_m3_base_application_stm32l/timer.o
                0x0000000008004724                timer_remove_attr
 .text.msg_init
                0x000000000800473c      0x128 build_arm_cortex_m3_base_application_stm32l/message.o
                0x000000000800473c                msg_init
 .text.msg_free
                0x0000000008004864       0xa8 build_arm_cortex_m3_base_application_stm32l/message.o
                0x0000000008004864                msg_free
 .text.msg_inc_ref_count
                0x000000000800490c       0x28 build_arm_cortex_m3_base_application_stm32l/message.o
                0x000000000800490c                msg_inc_ref_count
 .text.ak_malloc
                0x0000000008004934       0x54 build_arm_cortex_m3_base_application_stm32l/message.o
                0x0000000008004934                ak_malloc
 .text.ak_free  0x0000000008004988        0x4 build_arm_cortex_m3_base_application_stm32l/message.o
                0x0000000008004988                ak_free
 .text.get_pure_msg
                0x000000000800498c       0x3c build_arm_cortex_m3_base_application_stm32l/message.o
                0x000000000800498c                get_pure_msg
 .text.get_common_msg
                0x00000000080049c8       0x40 build_arm_cortex_m3_base_application_stm32l/message.o
                0x00000000080049c8                get_common_msg
 .text.set_data_common_msg
                0x0000000008004a08       0x44 build_arm_cortex_m3_base_application_stm32l/message.o
                0x0000000008004a08                set_data_common_msg
 .text.get_data_common_msg
                0x0000000008004a4c       0x24 build_arm_cortex_m3_base_application_stm32l/message.o
                0x0000000008004a4c                get_data_common_msg
 .text.get_data_len_common_msg
                0x0000000008004a70       0x24 build_arm_cortex_m3_base_application_stm32l/message.o
                0x0000000008004a70                get_data_len_common_msg
 .text.get_dynamic_msg
                0x0000000008004a94       0x40 build_arm_cortex_m3_base_application_stm32l/message.o
                0x0000000008004a94                get_dynamic_msg
 .text.set_data_dynamic_msg
                0x0000000008004ad4       0xec build_arm_cortex_m3_base_application_stm32l/message.o
                0x0000000008004ad4                set_data_dynamic_msg
 .text.get_data_dynamic_msg
                0x0000000008004bc0       0x7c build_arm_cortex_m3_base_application_stm32l/message.o
                0x0000000008004bc0                get_data_dynamic_msg
 .text.get_data_len_dynamic_msg
                0x0000000008004c3c        0x4 build_arm_cortex_m3_base_application_stm32l/message.o
                0x0000000008004c3c                get_data_len_dynamic_msg
 .text.mem_set  0x0000000008004c40       0x14 build_arm_cortex_m3_base_application_stm32l/utils.o
                0x0000000008004c40                mem_set
 .text.xputc    0x0000000008004c54       0x24 build_arm_cortex_m3_base_application_stm32l/xprintf.o
                0x0000000008004c54                xputc
 .text.xstream  0x0000000008004c78      0x17c build_arm_cortex_m3_base_application_stm32l/xprintf.o
                0x0000000008004c78                xstream
 .text.xprintf  0x0000000008004df4       0x28 build_arm_cortex_m3_base_application_stm32l/xprintf.o
                0x0000000008004df4                xprintf
 .text.set_dymc_output_type
                0x0000000008004e1c       0x18 build_arm_cortex_m3_base_application_stm32l/xprintf.o
                0x0000000008004e1c                set_dymc_output_type
 .text.xdymcprintf
                0x0000000008004e34       0x30 build_arm_cortex_m3_base_application_stm32l/xprintf.o
                0x0000000008004e34                xdymcprintf
 .text.cmd_line_parser
                0x0000000008004e64       0x88 build_arm_cortex_m3_base_application_stm32l/cmd_line.o
                0x0000000008004e64                cmd_line_parser
 .text.fifo_init
                0x0000000008004eec       0x14 build_arm_cortex_m3_base_application_stm32l/fifo.o
                0x0000000008004eec                fifo_init
 .text.fifo_availble
                0x0000000008004f00        0x4 build_arm_cortex_m3_base_application_stm32l/fifo.o
                0x0000000008004f00                fifo_availble
 .text.fifo_is_full
                0x0000000008004f04       0x10 build_arm_cortex_m3_base_application_stm32l/fifo.o
                0x0000000008004f04                fifo_is_full
 .text.fifo_put
                0x0000000008004f14       0x54 build_arm_cortex_m3_base_application_stm32l/fifo.o
                0x0000000008004f14                fifo_put
 .text.fifo_get
                0x0000000008004f68       0x50 build_arm_cortex_m3_base_application_stm32l/fifo.o
                0x0000000008004f68                fifo_get
 .text.ring_buffer_char_init
                0x0000000008004fb8        0xc build_arm_cortex_m3_base_application_stm32l/ring_buffer.o
                0x0000000008004fb8                ring_buffer_char_init
 .text.ring_buffer_char_is_empty
                0x0000000008004fc4        0xc build_arm_cortex_m3_base_application_stm32l/ring_buffer.o
                0x0000000008004fc4                ring_buffer_char_is_empty
 .text.ring_buffer_char_put
                0x0000000008004fd0       0x38 build_arm_cortex_m3_base_application_stm32l/ring_buffer.o
                0x0000000008004fd0                ring_buffer_char_put
 .text.ring_buffer_char_get
                0x0000000008005008       0x2c build_arm_cortex_m3_base_application_stm32l/ring_buffer.o
                0x0000000008005008                ring_buffer_char_get
 .text.button_init
                0x0000000008005034       0x34 build_arm_cortex_m3_base_application_stm32l/button.o
                0x0000000008005034                button_init
 .text.button_enable
                0x0000000008005068        0x8 build_arm_cortex_m3_base_application_stm32l/button.o
                0x0000000008005068                button_enable
 .text.button_timer_polling
                0x0000000008005070       0x78 build_arm_cortex_m3_base_application_stm32l/button.o
                0x0000000008005070                button_timer_polling
 .text.flash_wait_to_idle
                0x00000000080050e8       0x44 build_arm_cortex_m3_base_application_stm32l/flash.o
 .text.flash_set_write_enable.constprop.0
                0x000000000800512c       0x1c build_arm_cortex_m3_base_application_stm32l/flash.o
 .text.flash_read
                0x0000000008005148       0x4c build_arm_cortex_m3_base_application_stm32l/flash.o
                0x0000000008005148                flash_read
 .text.flash_write
                0x0000000008005194       0x70 build_arm_cortex_m3_base_application_stm32l/flash.o
                0x0000000008005194                flash_write
 .text.flash_erase_block_64k
                0x0000000008005204       0x48 build_arm_cortex_m3_base_application_stm32l/flash.o
                0x0000000008005204                flash_erase_block_64k
 .text.led_init
                0x000000000800524c       0x20 build_arm_cortex_m3_base_application_stm32l/led.o
                0x000000000800524c                led_init
 .text.led_toggle
                0x000000000800526c       0x20 build_arm_cortex_m3_base_application_stm32l/led.o
                0x000000000800526c                led_toggle
 .text.sys_dbg_fatal
                0x000000000800528c      0x384 build_arm_cortex_m3_base_application_stm32l/sys_dbg.o
                0x000000000800528c                sys_dbg_fatal
 .text.sys_dbg_func_stack_dump
                0x0000000008005610       0x68 build_arm_cortex_m3_base_application_stm32l/sys_dbg.o
                0x0000000008005610                sys_dbg_func_stack_dump
 .text.sys_dbg_cpu_dump
                0x0000000008005678       0x4c build_arm_cortex_m3_base_application_stm32l/sys_dbg.o
                0x0000000008005678                sys_dbg_cpu_dump
 .text.sys_boot_init
                0x00000000080056c4       0x18 build_arm_cortex_m3_base_application_stm32l/sys_boot.o
                0x00000000080056c4                sys_boot_init
 .text.sys_boot_get
                0x00000000080056dc        0xc build_arm_cortex_m3_base_application_stm32l/sys_boot.o
                0x00000000080056dc                sys_boot_get
 .text.sys_boot_set
                0x00000000080056e8       0x34 build_arm_cortex_m3_base_application_stm32l/sys_boot.o
                0x00000000080056e8                sys_boot_set
 .text.hal_nrf_rw
                0x000000000800571c        0x4 build_arm_cortex_m3_base_application_stm32l/hal_nrf_hw.o
                0x000000000800571c                hal_nrf_rw
 .text.hal_nrf_read_reg
                0x0000000008005720       0x20 build_arm_cortex_m3_base_application_stm32l/hal_nrf_l01.o
                0x0000000008005720                hal_nrf_read_reg
 .text.hal_nrf_write_reg
                0x0000000008005740       0x5c build_arm_cortex_m3_base_application_stm32l/hal_nrf_l01.o
                0x0000000008005740                hal_nrf_write_reg
 .text.hal_nrf_set_irq_mode
                0x000000000800579c       0x38 build_arm_cortex_m3_base_application_stm32l/hal_nrf_l01.o
                0x000000000800579c                hal_nrf_set_irq_mode
 .text.hal_nrf_get_clear_irq_flags
                0x00000000080057d4       0x10 build_arm_cortex_m3_base_application_stm32l/hal_nrf_l01.o
                0x00000000080057d4                hal_nrf_get_clear_irq_flags
 .text.hal_nrf_set_crc_mode
                0x00000000080057e4       0x20 build_arm_cortex_m3_base_application_stm32l/hal_nrf_l01.o
                0x00000000080057e4                hal_nrf_set_crc_mode
 .text.hal_nrf_open_pipe
                0x0000000008005804       0x78 build_arm_cortex_m3_base_application_stm32l/hal_nrf_l01.o
                0x0000000008005804                hal_nrf_open_pipe
 .text.hal_nrf_close_pipe
                0x000000000800587c       0x54 build_arm_cortex_m3_base_application_stm32l/hal_nrf_l01.o
                0x000000000800587c                hal_nrf_close_pipe
 .text.hal_nrf_set_auto_retr
                0x00000000080058d0       0x1c build_arm_cortex_m3_base_application_stm32l/hal_nrf_l01.o
                0x00000000080058d0                hal_nrf_set_auto_retr
 .text.hal_nrf_set_address_width
                0x00000000080058ec        0xc build_arm_cortex_m3_base_application_stm32l/hal_nrf_l01.o
                0x00000000080058ec                hal_nrf_set_address_width
 .text.hal_nrf_set_rx_pload_width
                0x00000000080058f8        0x8 build_arm_cortex_m3_base_application_stm32l/hal_nrf_l01.o
                0x00000000080058f8                hal_nrf_set_rx_pload_width
 .text.hal_nrf_set_operation_mode
                0x0000000008005900       0x30 build_arm_cortex_m3_base_application_stm32l/hal_nrf_l01.o
                0x0000000008005900                hal_nrf_set_operation_mode
 .text.hal_nrf_set_power_mode
                0x0000000008005930       0x30 build_arm_cortex_m3_base_application_stm32l/hal_nrf_l01.o
                0x0000000008005930                hal_nrf_set_power_mode
 .text.hal_nrf_set_rf_channel
                0x0000000008005960        0x8 build_arm_cortex_m3_base_application_stm32l/hal_nrf_l01.o
                0x0000000008005960                hal_nrf_set_rf_channel
 .text.hal_nrf_set_output_power
                0x0000000008005968       0x20 build_arm_cortex_m3_base_application_stm32l/hal_nrf_l01.o
                0x0000000008005968                hal_nrf_set_output_power
 .text.hal_nrf_set_datarate
                0x0000000008005988       0x30 build_arm_cortex_m3_base_application_stm32l/hal_nrf_l01.o
                0x0000000008005988                hal_nrf_set_datarate
 .text.hal_nrf_flush_rx
                0x00000000080059b8        0x8 build_arm_cortex_m3_base_application_stm32l/hal_nrf_l01.o
                0x00000000080059b8                hal_nrf_flush_rx
 .text.hal_nrf_flush_tx
                0x00000000080059c0        0x8 build_arm_cortex_m3_base_application_stm32l/hal_nrf_l01.o
                0x00000000080059c0                hal_nrf_flush_tx
 .text.hal_nrf_set_lna_gain
                0x00000000080059c8       0x30 build_arm_cortex_m3_base_application_stm32l/hal_nrf_l01.o
                0x00000000080059c8                hal_nrf_set_lna_gain
 .text.hal_nrf_write_multibyte_reg
                0x00000000080059f8       0x5c build_arm_cortex_m3_base_application_stm32l/hal_nrf_l01.o
                0x00000000080059f8                hal_nrf_write_multibyte_reg
 .text.hal_nrf_set_address
                0x0000000008005a54       0x2c build_arm_cortex_m3_base_application_stm32l/hal_nrf_l01.o
                0x0000000008005a54                hal_nrf_set_address
 .text.hal_nrf_write_tx_pload
                0x0000000008005a80        0xc build_arm_cortex_m3_base_application_stm32l/hal_nrf_l01.o
                0x0000000008005a80                hal_nrf_write_tx_pload
 .text.GPIO_Init
                0x0000000008005a8c       0x84 build_arm_cortex_m3_base_application_stm32l/stm32l1xx_gpio.o
                0x0000000008005a8c                GPIO_Init
 .text.GPIO_ReadInputDataBit
                0x0000000008005b10        0xc build_arm_cortex_m3_base_application_stm32l/stm32l1xx_gpio.o
                0x0000000008005b10                GPIO_ReadInputDataBit
 .text.GPIO_SetBits
                0x0000000008005b1c        0x4 build_arm_cortex_m3_base_application_stm32l/stm32l1xx_gpio.o
                0x0000000008005b1c                GPIO_SetBits
 .text.GPIO_ResetBits
                0x0000000008005b20        0x4 build_arm_cortex_m3_base_application_stm32l/stm32l1xx_gpio.o
                0x0000000008005b20                GPIO_ResetBits
 .text.GPIO_PinAFConfig
                0x0000000008005b24       0x28 build_arm_cortex_m3_base_application_stm32l/stm32l1xx_gpio.o
                0x0000000008005b24                GPIO_PinAFConfig
 .text.RCC_HSICmd
                0x0000000008005b4c        0xc build_arm_cortex_m3_base_application_stm32l/stm32l1xx_rcc.o
                0x0000000008005b4c                RCC_HSICmd
 .text.RCC_GetClocksFreq
                0x0000000008005b58       0xac build_arm_cortex_m3_base_application_stm32l/stm32l1xx_rcc.o
                0x0000000008005b58                RCC_GetClocksFreq
 .text.RCC_AHBPeriphClockCmd
                0x0000000008005c04       0x18 build_arm_cortex_m3_base_application_stm32l/stm32l1xx_rcc.o
                0x0000000008005c04                RCC_AHBPeriphClockCmd
 .text.RCC_APB2PeriphClockCmd
                0x0000000008005c1c       0x18 build_arm_cortex_m3_base_application_stm32l/stm32l1xx_rcc.o
                0x0000000008005c1c                RCC_APB2PeriphClockCmd
 .text.RCC_APB1PeriphClockCmd
                0x0000000008005c34       0x18 build_arm_cortex_m3_base_application_stm32l/stm32l1xx_rcc.o
                0x0000000008005c34                RCC_APB1PeriphClockCmd
 .text.RCC_APB2PeriphResetCmd
                0x0000000008005c4c       0x18 build_arm_cortex_m3_base_application_stm32l/stm32l1xx_rcc.o
                0x0000000008005c4c                RCC_APB2PeriphResetCmd
 .text.RCC_APB1PeriphResetCmd
                0x0000000008005c64       0x18 build_arm_cortex_m3_base_application_stm32l/stm32l1xx_rcc.o
                0x0000000008005c64                RCC_APB1PeriphResetCmd
 .text.RCC_GetFlagStatus
                0x0000000008005c7c       0x20 build_arm_cortex_m3_base_application_stm32l/stm32l1xx_rcc.o
                0x0000000008005c7c                RCC_GetFlagStatus
 .text.USART_Init
                0x0000000008005c9c       0xb4 build_arm_cortex_m3_base_application_stm32l/stm32l1xx_usart.o
                0x0000000008005c9c                USART_Init
 .text.USART_Cmd
                0x0000000008005d50       0x18 build_arm_cortex_m3_base_application_stm32l/stm32l1xx_usart.o
                0x0000000008005d50                USART_Cmd
 .text.USART_SendData
                0x0000000008005d68        0x8 build_arm_cortex_m3_base_application_stm32l/stm32l1xx_usart.o
                0x0000000008005d68                USART_SendData
 .text.USART_ReceiveData
                0x0000000008005d70        0x8 build_arm_cortex_m3_base_application_stm32l/stm32l1xx_usart.o
                0x0000000008005d70                USART_ReceiveData
 .text.USART_ITConfig
                0x0000000008005d78       0x38 build_arm_cortex_m3_base_application_stm32l/stm32l1xx_usart.o
                0x0000000008005d78                USART_ITConfig
 .text.USART_GetFlagStatus
                0x0000000008005db0        0xc build_arm_cortex_m3_base_application_stm32l/stm32l1xx_usart.o
                0x0000000008005db0                USART_GetFlagStatus
 .text.USART_GetITStatus
                0x0000000008005dbc       0x44 build_arm_cortex_m3_base_application_stm32l/stm32l1xx_usart.o
                0x0000000008005dbc                USART_GetITStatus
 .text.USART_ClearITPendingBit
                0x0000000008005e00       0x10 build_arm_cortex_m3_base_application_stm32l/stm32l1xx_usart.o
                0x0000000008005e00                USART_ClearITPendingBit
 .text.SPI_I2S_DeInit
                0x0000000008005e10       0x6c build_arm_cortex_m3_base_application_stm32l/stm32l1xx_spi.o
                0x0000000008005e10                SPI_I2S_DeInit
 .text.SPI_Init
                0x0000000008005e7c       0x40 build_arm_cortex_m3_base_application_stm32l/stm32l1xx_spi.o
                0x0000000008005e7c                SPI_Init
 .text.SPI_Cmd  0x0000000008005ebc       0x18 build_arm_cortex_m3_base_application_stm32l/stm32l1xx_spi.o
                0x0000000008005ebc                SPI_Cmd
 .text.SPI_I2S_ReceiveData
                0x0000000008005ed4        0x4 build_arm_cortex_m3_base_application_stm32l/stm32l1xx_spi.o
                0x0000000008005ed4                SPI_I2S_ReceiveData
 .text.SPI_I2S_SendData
                0x0000000008005ed8        0x4 build_arm_cortex_m3_base_application_stm32l/stm32l1xx_spi.o
                0x0000000008005ed8                SPI_I2S_SendData
 .text.SPI_I2S_GetFlagStatus
                0x0000000008005edc        0xc build_arm_cortex_m3_base_application_stm32l/stm32l1xx_spi.o
                0x0000000008005edc                SPI_I2S_GetFlagStatus
 .text.NVIC_PriorityGroupConfig
                0x0000000008005ee8       0x14 build_arm_cortex_m3_base_application_stm32l/misc.o
                0x0000000008005ee8                NVIC_PriorityGroupConfig
 .text.NVIC_Init
                0x0000000008005efc       0x5c build_arm_cortex_m3_base_application_stm32l/misc.o
                0x0000000008005efc                NVIC_Init
 .text.EXTI_Init
                0x0000000008005f58       0x7c build_arm_cortex_m3_base_application_stm32l/stm32l1xx_exti.o
                0x0000000008005f58                EXTI_Init
 .text.EXTI_GetFlagStatus
                0x0000000008005fd4       0x14 build_arm_cortex_m3_base_application_stm32l/stm32l1xx_exti.o
                0x0000000008005fd4                EXTI_GetFlagStatus
 .text.EXTI_GetITStatus
                0x0000000008005fe8        0x4 build_arm_cortex_m3_base_application_stm32l/stm32l1xx_exti.o
                0x0000000008005fe8                EXTI_GetITStatus
 .text.EXTI_ClearITPendingBit
                0x0000000008005fec        0xc build_arm_cortex_m3_base_application_stm32l/stm32l1xx_exti.o
                0x0000000008005fec                EXTI_ClearITPendingBit
 .text.SYSCFG_EXTILineConfig
                0x0000000008005ff8       0x30 build_arm_cortex_m3_base_application_stm32l/stm32l1xx_syscfg.o
                0x0000000008005ff8                SYSCFG_EXTILineConfig
 .text.TIM_TimeBaseInit
                0x0000000008006028       0x5c build_arm_cortex_m3_base_application_stm32l/stm32l1xx_tim.o
                0x0000000008006028                TIM_TimeBaseInit
 .text.TIM_Cmd  0x0000000008006084       0x18 build_arm_cortex_m3_base_application_stm32l/stm32l1xx_tim.o
                0x0000000008006084                TIM_Cmd
 .text.TIM_ITConfig
                0x000000000800609c       0x14 build_arm_cortex_m3_base_application_stm32l/stm32l1xx_tim.o
                0x000000000800609c                TIM_ITConfig
 .text.TIM_GetITStatus
                0x00000000080060b0       0x18 build_arm_cortex_m3_base_application_stm32l/stm32l1xx_tim.o
                0x00000000080060b0                TIM_GetITStatus
 .text.TIM_ClearITPendingBit
                0x00000000080060c8        0x8 build_arm_cortex_m3_base_application_stm32l/stm32l1xx_tim.o
                0x00000000080060c8                TIM_ClearITPendingBit
 .text.ADC_Init
                0x00000000080060d0       0x4c build_arm_cortex_m3_base_application_stm32l/stm32l1xx_adc.o
                0x00000000080060d0                ADC_Init
 .text.ADC_Cmd  0x000000000800611c       0x14 build_arm_cortex_m3_base_application_stm32l/stm32l1xx_adc.o
                0x000000000800611c                ADC_Cmd
 .text.ADC_RegularChannelConfig
                0x0000000008006130      0x10c build_arm_cortex_m3_base_application_stm32l/stm32l1xx_adc.o
                0x0000000008006130                ADC_RegularChannelConfig
 .text.ADC_SoftwareStartConv
                0x000000000800623c        0xc build_arm_cortex_m3_base_application_stm32l/stm32l1xx_adc.o
                0x000000000800623c                ADC_SoftwareStartConv
 .text.ADC_GetConversionValue
                0x0000000008006248        0x8 build_arm_cortex_m3_base_application_stm32l/stm32l1xx_adc.o
                0x0000000008006248                ADC_GetConversionValue
 .text.ADC_DMACmd
                0x0000000008006250       0x14 build_arm_cortex_m3_base_application_stm32l/stm32l1xx_adc.o
                0x0000000008006250                ADC_DMACmd
 .text.ADC_DMARequestAfterLastTransferCmd
                0x0000000008006264       0x14 build_arm_cortex_m3_base_application_stm32l/stm32l1xx_adc.o
                0x0000000008006264                ADC_DMARequestAfterLastTransferCmd
 .text.ADC_GetFlagStatus
                0x0000000008006278        0xc build_arm_cortex_m3_base_application_stm32l/stm32l1xx_adc.o
                0x0000000008006278                ADC_GetFlagStatus
 .text.DMA_DeInit
                0x0000000008006284      0x130 build_arm_cortex_m3_base_application_stm32l/stm32l1xx_dma.o
                0x0000000008006284                DMA_DeInit
 .text.DMA_Init
                0x00000000080063b4       0x40 build_arm_cortex_m3_base_application_stm32l/stm32l1xx_dma.o
                0x00000000080063b4                DMA_Init
 .text.DMA_Cmd  0x00000000080063f4       0x18 build_arm_cortex_m3_base_application_stm32l/stm32l1xx_dma.o
                0x00000000080063f4                DMA_Cmd
 .text.DMA_ITConfig
                0x000000000800640c       0x14 build_arm_cortex_m3_base_application_stm32l/stm32l1xx_dma.o
                0x000000000800640c                DMA_ITConfig
 .text.DMA_GetFlagStatus
                0x0000000008006420       0x1c build_arm_cortex_m3_base_application_stm32l/stm32l1xx_dma.o
                0x0000000008006420                DMA_GetFlagStatus
 .text.DMA_ClearFlag
                0x000000000800643c       0x14 build_arm_cortex_m3_base_application_stm32l/stm32l1xx_dma.o
                0x000000000800643c                DMA_ClearFlag
 .text.DMA_GetITStatus
                0x0000000008006450        0x4 build_arm_cortex_m3_base_application_stm32l/stm32l1xx_dma.o
                0x0000000008006450                DMA_GetITStatus
 .text.DMA_ClearITPendingBit
                0x0000000008006454        0x4 build_arm_cortex_m3_base_application_stm32l/stm32l1xx_dma.o
                0x0000000008006454                DMA_ClearITPendingBit
 .text.FLASH_Unlock
                0x0000000008006458       0x38 build_arm_cortex_m3_base_application_stm32l/stm32l1xx_flash.o
                0x0000000008006458                FLASH_Unlock
 .text.FLASH_Lock
                0x0000000008006490       0x10 build_arm_cortex_m3_base_application_stm32l/stm32l1xx_flash.o
                0x0000000008006490                FLASH_Lock
 .text.DATA_EEPROM_Unlock
                0x00000000080064a0       0x20 build_arm_cortex_m3_base_application_stm32l/stm32l1xx_flash.o
                0x00000000080064a0                DATA_EEPROM_Unlock
 .text.DATA_EEPROM_Lock
                0x00000000080064c0       0x10 build_arm_cortex_m3_base_application_stm32l/stm32l1xx_flash.o
                0x00000000080064c0                DATA_EEPROM_Lock
 .text.FLASH_ClearFlag
                0x00000000080064d0        0xc build_arm_cortex_m3_base_application_stm32l/stm32l1xx_flash.o
                0x00000000080064d0                FLASH_ClearFlag
 .text.FLASH_GetStatus
                0x00000000080064dc       0x28 build_arm_cortex_m3_base_application_stm32l/stm32l1xx_flash.o
                0x00000000080064dc                FLASH_GetStatus
 .text.FLASH_WaitForLastOperation
                0x0000000008006504       0x48 build_arm_cortex_m3_base_application_stm32l/stm32l1xx_flash.o
                0x0000000008006504                FLASH_WaitForLastOperation
 .text.FLASH_ErasePage
                0x000000000800654c       0x48 build_arm_cortex_m3_base_application_stm32l/stm32l1xx_flash.o
                0x000000000800654c                FLASH_ErasePage
 .text.FLASH_FastProgramWord
                0x0000000008006594       0x24 build_arm_cortex_m3_base_application_stm32l/stm32l1xx_flash.o
                0x0000000008006594                FLASH_FastProgramWord
 .text.DATA_EEPROM_FastProgramWord
                0x00000000080065b8       0x30 build_arm_cortex_m3_base_application_stm32l/stm32l1xx_flash.o
                0x00000000080065b8                DATA_EEPROM_FastProgramWord
 .text.DATA_EEPROM_ProgramByte
                0x00000000080065e8       0x54 build_arm_cortex_m3_base_application_stm32l/stm32l1xx_flash.o
                0x00000000080065e8                DATA_EEPROM_ProgramByte
 .text.IWDG_WriteAccessCmd
                0x000000000800663c        0xc build_arm_cortex_m3_base_application_stm32l/stm32l1xx_iwdg.o
                0x000000000800663c                IWDG_WriteAccessCmd
 .text.IWDG_SetPrescaler
                0x0000000008006648        0xc build_arm_cortex_m3_base_application_stm32l/stm32l1xx_iwdg.o
                0x0000000008006648                IWDG_SetPrescaler
 .text.IWDG_SetReload
                0x0000000008006654        0xc build_arm_cortex_m3_base_application_stm32l/stm32l1xx_iwdg.o
                0x0000000008006654                IWDG_SetReload
 .text.IWDG_ReloadCounter
                0x0000000008006660       0x10 build_arm_cortex_m3_base_application_stm32l/stm32l1xx_iwdg.o
                0x0000000008006660                IWDG_ReloadCounter
 .text.IWDG_Enable
                0x0000000008006670       0x10 build_arm_cortex_m3_base_application_stm32l/stm32l1xx_iwdg.o
                0x0000000008006670                IWDG_Enable
 .text.I2C_SendData
                0x0000000008006680        0x4 build_arm_cortex_m3_base_application_stm32l/stm32l1xx_i2c.o
                0x0000000008006680                I2C_SendData
 .text.I2C_CheckEvent
                0x0000000008006684       0x18 build_arm_cortex_m3_base_application_stm32l/stm32l1xx_i2c.o
                0x0000000008006684                I2C_CheckEvent
 .text.disable_interrupts
                0x000000000800669c       0x10 build_arm_cortex_m3_base_application_stm32l/platform.o
                0x000000000800669c                disable_interrupts
 .text.entry_critical
                0x00000000080066ac       0x14 build_arm_cortex_m3_base_application_stm32l/platform.o
                0x00000000080066ac                entry_critical
 .text.exit_critical
                0x00000000080066c0       0x2c build_arm_cortex_m3_base_application_stm32l/platform.o
                0x00000000080066c0                exit_critical
 .text.get_nest_entry_critical_counter
                0x00000000080066ec        0xc build_arm_cortex_m3_base_application_stm32l/platform.o
                0x00000000080066ec                get_nest_entry_critical_counter
 .text.svc_handler
                0x00000000080066f8       0x14 build_arm_cortex_m3_base_application_stm32l/system.o
                0x00000000080066f8                svc_handler
 .text.pendsv_handler
                0x000000000800670c       0x14 build_arm_cortex_m3_base_application_stm32l/system.o
                0x000000000800670c                pendsv_handler
 .text.default_handler
                0x0000000008006720       0x18 build_arm_cortex_m3_base_application_stm32l/system.o
                0x0000000008006720                default_handler
                0x0000000008006720                dg_monitor_handler
 .text.nmi_handler
                0x0000000008006738       0x18 build_arm_cortex_m3_base_application_stm32l/system.o
                0x0000000008006738                nmi_handler
 .text.hard_fault_handler
                0x0000000008006750       0x18 build_arm_cortex_m3_base_application_stm32l/system.o
                0x0000000008006750                hard_fault_handler
 .text.mem_manage_handler
                0x0000000008006768       0x18 build_arm_cortex_m3_base_application_stm32l/system.o
                0x0000000008006768                mem_manage_handler
 .text.bus_fault_handler
                0x0000000008006780       0x18 build_arm_cortex_m3_base_application_stm32l/system.o
                0x0000000008006780                bus_fault_handler
 .text.usage_fault_handler
                0x0000000008006798       0x18 build_arm_cortex_m3_base_application_stm32l/system.o
                0x0000000008006798                usage_fault_handler
 .text.systick_handler
                0x00000000080067b0       0x48 build_arm_cortex_m3_base_application_stm32l/system.o
                0x00000000080067b0                systick_handler
 .text.shell_handler
                0x00000000080067f8       0x84 build_arm_cortex_m3_base_application_stm32l/system.o
                0x00000000080067f8                shell_handler
 .text.RS485_handler
                0x000000000800687c       0x20 build_arm_cortex_m3_base_application_stm32l/system.o
                0x000000000800687c                RS485_handler
 .text.exti_line1_irq
                0x000000000800689c       0x1c build_arm_cortex_m3_base_application_stm32l/system.o
                0x000000000800689c                exti_line1_irq
 .text.timer6_irq
                0x00000000080068b8       0x28 build_arm_cortex_m3_base_application_stm32l/system.o
                0x00000000080068b8                timer6_irq
 .text.DMA1_Channel1_IRQHandler
                0x00000000080068e0       0x24 build_arm_cortex_m3_base_application_stm32l/system.o
 .text.timer7_irq
                0x0000000008006904       0x24 build_arm_cortex_m3_base_application_stm32l/system.o
                0x0000000008006904                timer7_irq
 .text.sys_ctrl_delay
                0x0000000008006928        0xc build_arm_cortex_m3_base_application_stm32l/system.o
                0x0000000008006928                sys_ctrl_delay
 .text.reset_handler
                0x0000000008006934       0xf8 build_arm_cortex_m3_base_application_stm32l/system.o
                0x0000000008006934                reset_handler
 .text.sys_ctrl_millis
                0x0000000008006a2c       0x20 build_arm_cortex_m3_base_application_stm32l/system.o
                0x0000000008006a2c                sys_ctrl_millis
 .text._init    0x0000000008006a4c        0x4 build_arm_cortex_m3_base_application_stm32l/system.o
                0x0000000008006a4c                _init
 .text.svc_exe  0x0000000008006a50       0x20 build_arm_cortex_m3_base_application_stm32l/system.o
                0x0000000008006a50                svc_exe
 .text.pendsv_exe
                0x0000000008006a70       0x10 build_arm_cortex_m3_base_application_stm32l/system.o
                0x0000000008006a70                pendsv_exe
 .text.xputchar
                0x0000000008006a80       0x38 build_arm_cortex_m3_base_application_stm32l/sys_cfg.o
 .text.sys_cfg_clock
                0x0000000008006ab8       0x24 build_arm_cortex_m3_base_application_stm32l/sys_cfg.o
                0x0000000008006ab8                sys_cfg_clock
 .text.sys_cfg_tick
                0x0000000008006adc       0x4c build_arm_cortex_m3_base_application_stm32l/sys_cfg.o
                0x0000000008006adc                sys_cfg_tick
 .text.sys_cfg_console
                0x0000000008006b28       0xd8 build_arm_cortex_m3_base_application_stm32l/sys_cfg.o
                0x0000000008006b28                sys_cfg_console
 .text.sys_cfg_svc
                0x0000000008006c00       0x1c build_arm_cortex_m3_base_application_stm32l/sys_cfg.o
                0x0000000008006c00                sys_cfg_svc
 .text.sys_cfg_pendsv
                0x0000000008006c1c       0x1c build_arm_cortex_m3_base_application_stm32l/sys_cfg.o
                0x0000000008006c1c                sys_cfg_pendsv
 .text.sys_cfg_update_info
                0x0000000008006c38       0xf8 build_arm_cortex_m3_base_application_stm32l/sys_cfg.o
                0x0000000008006c38                sys_cfg_update_info
 .text.sys_ctrl_shell_put_char
                0x0000000008006d30       0x38 build_arm_cortex_m3_base_application_stm32l/sys_cfg.o
                0x0000000008006d30                sys_ctrl_shell_put_char
 .text.sys_ctrl_shell_get_char
                0x0000000008006d68       0x40 build_arm_cortex_m3_base_application_stm32l/sys_cfg.o
                0x0000000008006d68                sys_ctrl_shell_get_char
 .text.sys_ctrl_reset
                0x0000000008006da8       0x20 build_arm_cortex_m3_base_application_stm32l/sys_cfg.o
                0x0000000008006da8                sys_ctrl_reset
 .text.sys_ctrl_delay_us
                0x0000000008006dc8       0x28 build_arm_cortex_m3_base_application_stm32l/sys_cfg.o
                0x0000000008006dc8                sys_ctrl_delay_us
 .text.sys_ctrl_delay_ms
                0x0000000008006df0       0x38 build_arm_cortex_m3_base_application_stm32l/sys_cfg.o
                0x0000000008006df0                sys_ctrl_delay_ms
 .text.sys_ctr_sleep_wait_for_irq
                0x0000000008006e28       0x20 build_arm_cortex_m3_base_application_stm32l/sys_cfg.o
                0x0000000008006e28                sys_ctr_sleep_wait_for_irq
 .text.sys_ctrl_independent_watchdog_init
                0x0000000008006e48       0x30 build_arm_cortex_m3_base_application_stm32l/sys_cfg.o
                0x0000000008006e48                sys_ctrl_independent_watchdog_init
 .text.sys_ctrl_independent_watchdog_reset
                0x0000000008006e78       0x14 build_arm_cortex_m3_base_application_stm32l/sys_cfg.o
                0x0000000008006e78                sys_ctrl_independent_watchdog_reset
 .text.sys_ctrl_soft_watchdog_init
                0x0000000008006e8c       0x60 build_arm_cortex_m3_base_application_stm32l/sys_cfg.o
                0x0000000008006e8c                sys_ctrl_soft_watchdog_init
 .text.sys_ctrl_soft_watchdog_reset
                0x0000000008006eec       0x18 build_arm_cortex_m3_base_application_stm32l/sys_cfg.o
                0x0000000008006eec                sys_ctrl_soft_watchdog_reset
 .text.sys_ctrl_soft_watchdog_increase_counter
                0x0000000008006f04       0x3c build_arm_cortex_m3_base_application_stm32l/sys_cfg.o
                0x0000000008006f04                sys_ctrl_soft_watchdog_increase_counter
 .text.sys_ctrl_get_firmware_info
                0x0000000008006f40       0x4c build_arm_cortex_m3_base_application_stm32l/sys_cfg.o
                0x0000000008006f40                sys_ctrl_get_firmware_info
 .text.task_irq_io_entry_trigger
                0x0000000008006f8c        0x4 build_arm_cortex_m3_base_application_stm32l/sys_cfg.o
                0x0000000008006f8c                task_irq_io_entry_trigger
 .text.task_irq_io_exit_trigger
                0x0000000008006f90        0x4 build_arm_cortex_m3_base_application_stm32l/sys_cfg.o
                0x0000000008006f90                task_irq_io_exit_trigger
 .text.io_button_mode_init
                0x0000000008006f94       0x2c build_arm_cortex_m3_base_application_stm32l/io_cfg.o
                0x0000000008006f94                io_button_mode_init
 .text.io_button_mode_read
                0x0000000008006fc0       0x10 build_arm_cortex_m3_base_application_stm32l/io_cfg.o
                0x0000000008006fc0                io_button_mode_read
 .text.led_life_init
                0x0000000008006fd0       0x2c build_arm_cortex_m3_base_application_stm32l/io_cfg.o
                0x0000000008006fd0                led_life_init
 .text.led_life_on
                0x0000000008006ffc       0x10 build_arm_cortex_m3_base_application_stm32l/io_cfg.o
                0x0000000008006ffc                led_life_on
 .text.led_life_off
                0x000000000800700c       0x10 build_arm_cortex_m3_base_application_stm32l/io_cfg.o
                0x000000000800700c                led_life_off
 .text.spi_cs_init
                0x000000000800701c       0x28 build_arm_cortex_m3_base_application_stm32l/io_cfg.o
                0x000000000800701c                spi_cs_init
 .text.spi_cs_high
                0x0000000008007044        0xc build_arm_cortex_m3_base_application_stm32l/io_cfg.o
                0x0000000008007044                spi_cs_high
 .text.spi_cs_low
                0x0000000008007050        0xc build_arm_cortex_m3_base_application_stm32l/io_cfg.o
                0x0000000008007050                spi_cs_low
 .text.nrf24l01_io_ctrl_init
                0x000000000800705c       0x94 build_arm_cortex_m3_base_application_stm32l/io_cfg.o
                0x000000000800705c                nrf24l01_io_ctrl_init
 .text.nrf24l01_spi_ctrl_init
                0x00000000080070f0       0xa0 build_arm_cortex_m3_base_application_stm32l/io_cfg.o
                0x00000000080070f0                nrf24l01_spi_ctrl_init
 .text.nrf24l01_ce_low
                0x0000000008007190       0x10 build_arm_cortex_m3_base_application_stm32l/io_cfg.o
                0x0000000008007190                nrf24l01_ce_low
 .text.nrf24l01_ce_high
                0x00000000080071a0       0x10 build_arm_cortex_m3_base_application_stm32l/io_cfg.o
                0x00000000080071a0                nrf24l01_ce_high
 .text.nrf24l01_csn_low
                0x00000000080071b0       0x10 build_arm_cortex_m3_base_application_stm32l/io_cfg.o
                0x00000000080071b0                nrf24l01_csn_low
 .text.nrf24l01_csn_high
                0x00000000080071c0       0x10 build_arm_cortex_m3_base_application_stm32l/io_cfg.o
                0x00000000080071c0                nrf24l01_csn_high
 .text.nrf24l01_spi_rw
                0x00000000080071d0       0xa4 build_arm_cortex_m3_base_application_stm32l/io_cfg.o
                0x00000000080071d0                nrf24l01_spi_rw
 .text.flash_cs_low
                0x0000000008007274        0x4 build_arm_cortex_m3_base_application_stm32l/io_cfg.o
                0x0000000008007274                flash_cs_low
 .text.flash_cs_high
                0x0000000008007278        0x4 build_arm_cortex_m3_base_application_stm32l/io_cfg.o
                0x0000000008007278                flash_cs_high
 .text.flash_transfer
                0x000000000800727c        0x4 build_arm_cortex_m3_base_application_stm32l/io_cfg.o
                0x000000000800727c                flash_transfer
 .text.sht1x_clk_input_mode
                0x0000000008007280       0x2c build_arm_cortex_m3_base_application_stm32l/io_cfg.o
                0x0000000008007280                sht1x_clk_input_mode
 .text.sht1x_clk_output_mode
                0x00000000080072ac       0x2c build_arm_cortex_m3_base_application_stm32l/io_cfg.o
                0x00000000080072ac                sht1x_clk_output_mode
 .text.sht1x_clk_digital_write_low
                0x00000000080072d8       0x10 build_arm_cortex_m3_base_application_stm32l/io_cfg.o
                0x00000000080072d8                sht1x_clk_digital_write_low
 .text.sht1x_clk_digital_write_high
                0x00000000080072e8       0x10 build_arm_cortex_m3_base_application_stm32l/io_cfg.o
                0x00000000080072e8                sht1x_clk_digital_write_high
 .text.sht1x_data_input_mode
                0x00000000080072f8       0x2c build_arm_cortex_m3_base_application_stm32l/io_cfg.o
                0x00000000080072f8                sht1x_data_input_mode
 .text.sht1x_data_output_mode
                0x0000000008007324       0x2c build_arm_cortex_m3_base_application_stm32l/io_cfg.o
                0x0000000008007324                sht1x_data_output_mode
 .text.sht1x_data_digital_write_low
                0x0000000008007350       0x10 build_arm_cortex_m3_base_application_stm32l/io_cfg.o
                0x0000000008007350                sht1x_data_digital_write_low
 .text.sht1x_data_digital_write_high
                0x0000000008007360       0x10 build_arm_cortex_m3_base_application_stm32l/io_cfg.o
                0x0000000008007360                sht1x_data_digital_write_high
 .text.ds1302_ce_input_mode
                0x0000000008007370       0x28 build_arm_cortex_m3_base_application_stm32l/io_cfg.o
                0x0000000008007370                ds1302_ce_input_mode
 .text.ds1302_ce_output_mode
                0x0000000008007398       0x2c build_arm_cortex_m3_base_application_stm32l/io_cfg.o
                0x0000000008007398                ds1302_ce_output_mode
 .text.ds1302_ce_digital_write_low
                0x00000000080073c4        0xc build_arm_cortex_m3_base_application_stm32l/io_cfg.o
                0x00000000080073c4                ds1302_ce_digital_write_low
 .text.ds1302_ce_digital_write_high
                0x00000000080073d0        0xc build_arm_cortex_m3_base_application_stm32l/io_cfg.o
                0x00000000080073d0                ds1302_ce_digital_write_high
 .text.ds1302_clk_input_mode
                0x00000000080073dc       0x28 build_arm_cortex_m3_base_application_stm32l/io_cfg.o
                0x00000000080073dc                ds1302_clk_input_mode
 .text.ds1302_clk_output_mode
                0x0000000008007404       0x2c build_arm_cortex_m3_base_application_stm32l/io_cfg.o
                0x0000000008007404                ds1302_clk_output_mode
 .text.ds1302_clk_digital_write_low
                0x0000000008007430       0x10 build_arm_cortex_m3_base_application_stm32l/io_cfg.o
                0x0000000008007430                ds1302_clk_digital_write_low
 .text.ds1302_clk_digital_write_high
                0x0000000008007440       0x10 build_arm_cortex_m3_base_application_stm32l/io_cfg.o
                0x0000000008007440                ds1302_clk_digital_write_high
 .text.ds1302_data_input_mode
                0x0000000008007450       0x28 build_arm_cortex_m3_base_application_stm32l/io_cfg.o
                0x0000000008007450                ds1302_data_input_mode
 .text.ds1302_data_output_mode
                0x0000000008007478       0x28 build_arm_cortex_m3_base_application_stm32l/io_cfg.o
                0x0000000008007478                ds1302_data_output_mode
 .text.ds1302_data_digital_write_low
                0x00000000080074a0        0xc build_arm_cortex_m3_base_application_stm32l/io_cfg.o
                0x00000000080074a0                ds1302_data_digital_write_low
 .text.ds1302_data_digital_write_high
                0x00000000080074ac        0xc build_arm_cortex_m3_base_application_stm32l/io_cfg.o
                0x00000000080074ac                ds1302_data_digital_write_high
 .text.io_cfg_adc1_dma1cn1
                0x00000000080074b8      0x12c build_arm_cortex_m3_base_application_stm32l/io_cfg.o
                0x00000000080074b8                io_cfg_adc1_dma1cn1
 .text.adc_ct_io_read
                0x00000000080075e4       0x3c build_arm_cortex_m3_base_application_stm32l/io_cfg.o
                0x00000000080075e4                adc_ct_io_read
 .text.io_74hc4052_init
                0x0000000008007620       0x38 build_arm_cortex_m3_base_application_stm32l/io_cfg.o
                0x0000000008007620                io_74hc4052_init
 .text.adc_74hc4052_set_pin_mode
                0x0000000008007658       0x74 build_arm_cortex_m3_base_application_stm32l/io_cfg.o
                0x0000000008007658                adc_74hc4052_set_pin_mode
 .text.ssd1306_clk_input_mode
                0x00000000080076cc       0x2c build_arm_cortex_m3_base_application_stm32l/io_cfg.o
                0x00000000080076cc                ssd1306_clk_input_mode
 .text.ssd1306_clk_output_mode
                0x00000000080076f8       0x2c build_arm_cortex_m3_base_application_stm32l/io_cfg.o
                0x00000000080076f8                ssd1306_clk_output_mode
 .text.ssd1306_clk_digital_write_low
                0x0000000008007724       0x10 build_arm_cortex_m3_base_application_stm32l/io_cfg.o
                0x0000000008007724                ssd1306_clk_digital_write_low
 .text.ssd1306_clk_digital_write_high
                0x0000000008007734       0x10 build_arm_cortex_m3_base_application_stm32l/io_cfg.o
                0x0000000008007734                ssd1306_clk_digital_write_high
 .text.ssd1306_data_input_mode
                0x0000000008007744       0x2c build_arm_cortex_m3_base_application_stm32l/io_cfg.o
                0x0000000008007744                ssd1306_data_input_mode
 .text.ssd1306_data_output_mode
                0x0000000008007770       0x2c build_arm_cortex_m3_base_application_stm32l/io_cfg.o
                0x0000000008007770                ssd1306_data_output_mode
 .text.ssd1306_data_digital_write_low
                0x000000000800779c       0x10 build_arm_cortex_m3_base_application_stm32l/io_cfg.o
                0x000000000800779c                ssd1306_data_digital_write_low
 .text.ssd1306_data_digital_write_high
                0x00000000080077ac       0x10 build_arm_cortex_m3_base_application_stm32l/io_cfg.o
                0x00000000080077ac                ssd1306_data_digital_write_high
 .text.io_eeprom_read
                0x00000000080077bc       0x34 build_arm_cortex_m3_base_application_stm32l/io_cfg.o
                0x00000000080077bc                io_eeprom_read
 .text.io_eeprom_write
                0x00000000080077f0       0x54 build_arm_cortex_m3_base_application_stm32l/io_cfg.o
                0x00000000080077f0                io_eeprom_write
 .text.io_eeprom_erase
                0x0000000008007844       0x54 build_arm_cortex_m3_base_application_stm32l/io_cfg.o
                0x0000000008007844                io_eeprom_erase
 .text.internal_flash_unlock
                0x0000000008007898       0x14 build_arm_cortex_m3_base_application_stm32l/io_cfg.o
                0x0000000008007898                internal_flash_unlock
 .text.internal_flash_lock
                0x00000000080078ac        0x4 build_arm_cortex_m3_base_application_stm32l/io_cfg.o
                0x00000000080078ac                internal_flash_lock
 .text.internal_flash_erase_pages_cal
                0x00000000080078b0       0x2c build_arm_cortex_m3_base_application_stm32l/io_cfg.o
                0x00000000080078b0                internal_flash_erase_pages_cal
 .text.internal_flash_write_cal
                0x00000000080078dc       0x64 build_arm_cortex_m3_base_application_stm32l/io_cfg.o
                0x00000000080078dc                internal_flash_write_cal
 .text.RS485_uart_init
                0x0000000008007940       0xac build_arm_cortex_m3_base_application_stm32l/io_cfg.o
                0x0000000008007940                RS485_uart_init
 .text.io_cfg_RS485_dir_pin
                0x00000000080079ec       0x2c build_arm_cortex_m3_base_application_stm32l/io_cfg.o
                0x00000000080079ec                io_cfg_RS485_dir_pin
 .text.io_RS485_dir_pin_set
                0x0000000008007a18        0xc build_arm_cortex_m3_base_application_stm32l/io_cfg.o
                0x0000000008007a18                io_RS485_dir_pin_set
 .text.io_RS485_dir_pin_reset
                0x0000000008007a24        0xc build_arm_cortex_m3_base_application_stm32l/io_cfg.o
                0x0000000008007a24                io_RS485_dir_pin_reset
 .text.io_uart_rs485_transfer
                0x0000000008007a30       0x2c build_arm_cortex_m3_base_application_stm32l/io_cfg.o
                0x0000000008007a30                io_uart_rs485_transfer
 .text.io_uart_RS485_get_byte
                0x0000000008007a5c       0x48 build_arm_cortex_m3_base_application_stm32l/io_cfg.o
                0x0000000008007a5c                io_uart_RS485_get_byte
 .text.SystemInit
                0x0000000008007aa4      0x11c build_arm_cortex_m3_base_application_stm32l/system_stm32l1xx.o
                0x0000000008007aa4                SystemInit
 .text.SystemCoreClockUpdate
                0x0000000008007bc0       0x8c build_arm_cortex_m3_base_application_stm32l/system_stm32l1xx.o
                0x0000000008007bc0                SystemCoreClockUpdate
 .text.main_app
                0x0000000008007c4c      0x128 build_arm_cortex_m3_base_application_stm32l/app.o
                0x0000000008007c4c                main_app
 .text.sys_irq_timer_10ms
                0x0000000008007d74        0xc build_arm_cortex_m3_base_application_stm32l/app.o
                0x0000000008007d74                sys_irq_timer_10ms
 .text._Z17btn_mode_callbackPv
                0x0000000008007d80        0x4 build_arm_cortex_m3_base_application_stm32l/app_bsp.o
                0x0000000008007d80                btn_mode_callback(void*)
 .text._ZL9shell_dbgPh
                0x0000000008007d84        0x4 build_arm_cortex_m3_base_application_stm32l/shell.o
 .text._ZL10shell_accuPh
                0x0000000008007d88      0x618 build_arm_cortex_m3_base_application_stm32l/shell.o
 .text._ZL9shell_fwuPh
                0x00000000080083a0       0x34 build_arm_cortex_m3_base_application_stm32l/shell.o
 .text._ZL12shell_rebootPh
                0x00000000080083d4       0x10 build_arm_cortex_m3_base_application_stm32l/shell.o
 .text._ZL9shell_sttPh
                0x00000000080083e4       0x34 build_arm_cortex_m3_base_application_stm32l/shell.o
 .text._ZL10str_parserPc
                0x0000000008008418       0x84 build_arm_cortex_m3_base_application_stm32l/shell.o
 .text._ZL11shell_fatalPh
                0x000000000800849c      0x31c build_arm_cortex_m3_base_application_stm32l/shell.o
 .text._ZL9shell_verPh
                0x00000000080087b8       0xe8 build_arm_cortex_m3_base_application_stm32l/shell.o
 .text._ZL11shell_resetPh
                0x00000000080088a0       0x10 build_arm_cortex_m3_base_application_stm32l/shell.o
 .text._ZL10shell_helpPh
                0x00000000080088b0       0xc0 build_arm_cortex_m3_base_application_stm32l/shell.o
 .text._ZL10shell_bootPh
                0x0000000008008970       0xec build_arm_cortex_m3_base_application_stm32l/shell.o
 .text.sys_irq_shell
                0x0000000008008a5c       0xc8 build_arm_cortex_m3_base_application_stm32l/task_shell.o
                0x0000000008008a5c                sys_irq_shell
 .text._Z10task_shellP8ak_msg_t
                0x0000000008008b24       0xb0 build_arm_cortex_m3_base_application_stm32l/task_shell.o
                0x0000000008008b24                task_shell(ak_msg_t*)
 .text._Z9task_lifeP8ak_msg_t
                0x0000000008008bd4       0x20 build_arm_cortex_m3_base_application_stm32l/task_life.o
                0x0000000008008bd4                task_life(ak_msg_t*)
 .text._Z7task_fwP8ak_msg_t
                0x0000000008008bf4      0x3fc build_arm_cortex_m3_base_application_stm32l/task_fw.o
                0x0000000008008bf4                task_fw(ak_msg_t*)
 .text._Z7task_ifP8ak_msg_t
                0x0000000008008ff0       0x94 build_arm_cortex_m3_base_application_stm32l/task_if.o
                0x0000000008008ff0                task_if(ak_msg_t*)
 .text._Z12task_rf24_ifP8ak_msg_t
                0x0000000008009084       0x98 build_arm_cortex_m3_base_application_stm32l/task_rf24_if.o
                0x0000000008009084                task_rf24_if(ak_msg_t*)
 .text._Z12task_uart_ifP8ak_msg_t
                0x000000000800911c       0xa4 build_arm_cortex_m3_base_application_stm32l/task_uart_if.o
                0x000000000800911c                task_uart_if(ak_msg_t*)
 .text._Z8task_dbgP8ak_msg_t
                0x00000000080091c0        0x4 build_arm_cortex_m3_base_application_stm32l/task_dbg.o
                0x00000000080091c0                task_dbg(ak_msg_t*)
 .text._Z13print_rx_datahh.part.0
                0x00000000080091c4       0xe8 build_arm_cortex_m3_base_application_stm32l/task_accu.o
 *fill*         0x00000000080092ac        0x4 
 .text._Z18save_cells_voltagev
                0x00000000080092b0      0x10c build_arm_cortex_m3_base_application_stm32l/task_accu.o
                0x00000000080092b0                save_cells_voltage()
 .text._Z9task_accuP8ak_msg_t
                0x00000000080093bc      0x21c build_arm_cortex_m3_base_application_stm32l/task_accu.o
                0x00000000080093bc                task_accu(ak_msg_t*)
 .text.sys_irq_timer_1s
                0x00000000080095d8       0x88 build_arm_cortex_m3_base_application_stm32l/task_accu.o
                0x00000000080095d8                sys_irq_timer_1s
 .text.sys_irq_dma1cn1_ctsensor
                0x0000000008009660       0xf0 build_arm_cortex_m3_base_application_stm32l/task_accu.o
                0x0000000008009660                sys_irq_dma1cn1_ctsensor
 .text.sys_irq_RS485
                0x0000000008009750       0x3c build_arm_cortex_m3_base_application_stm32l/task_rs485_modbus.o
                0x0000000008009750                sys_irq_RS485
 .text._Z10task_rs485P8ak_msg_t
                0x000000000800978c      0x168 build_arm_cortex_m3_base_application_stm32l/task_rs485_modbus.o
                0x000000000800978c                task_rs485(ak_msg_t*)
 .text.startup._GLOBAL__sub_I_slave_accu
                0x00000000080098f4        0xc build_arm_cortex_m3_base_application_stm32l/task_rs485_modbus.o
 .text.startup._GLOBAL__sub_I_view_render
                0x0000000008009900        0xc build_arm_cortex_m3_base_application_stm32l/view_render.o
 .text.exit._GLOBAL__sub_D_view_render
                0x000000000800990c        0xc build_arm_cortex_m3_base_application_stm32l/view_render.o
 .text._ZN12Adafruit_GFX8drawLineEsssst
                0x0000000008009918       0xd4 build_arm_cortex_m3_base_application_stm32l/Adafruit_GFX.o
                0x0000000008009918                Adafruit_GFX::drawLine(short, short, short, short, unsigned short)
 .text._ZN12Adafruit_GFX8drawRectEsssst
                0x00000000080099ec       0x68 build_arm_cortex_m3_base_application_stm32l/Adafruit_GFX.o
                0x00000000080099ec                Adafruit_GFX::drawRect(short, short, short, short, unsigned short)
 .text._ZN12Adafruit_GFX13drawFastVLineEssst
                0x0000000008009a54       0x20 build_arm_cortex_m3_base_application_stm32l/Adafruit_GFX.o
                0x0000000008009a54                Adafruit_GFX::drawFastVLine(short, short, short, unsigned short)
 .text._ZN12Adafruit_GFX13drawFastHLineEssst
                0x0000000008009a74       0x1c build_arm_cortex_m3_base_application_stm32l/Adafruit_GFX.o
                0x0000000008009a74                Adafruit_GFX::drawFastHLine(short, short, short, unsigned short)
 .text._ZN12Adafruit_GFX8fillRectEsssst
                0x0000000008009a90       0x3c build_arm_cortex_m3_base_application_stm32l/Adafruit_GFX.o
                0x0000000008009a90                Adafruit_GFX::fillRect(short, short, short, short, unsigned short)
 .text._ZN12Adafruit_GFX10fillScreenEt
                0x0000000008009acc       0x20 build_arm_cortex_m3_base_application_stm32l/Adafruit_GFX.o
                0x0000000008009acc                Adafruit_GFX::fillScreen(unsigned short)
 .text._ZN12Adafruit_GFX13invertDisplayEb
                0x0000000008009aec        0x4 build_arm_cortex_m3_base_application_stm32l/Adafruit_GFX.o
                0x0000000008009aec                Adafruit_GFX::invertDisplay(bool)
 .text._ZN12Adafruit_GFXC2Ess
                0x0000000008009af0       0x28 build_arm_cortex_m3_base_application_stm32l/Adafruit_GFX.o
                0x0000000008009af0                Adafruit_GFX::Adafruit_GFX(short, short)
                0x0000000008009af0                Adafruit_GFX::Adafruit_GFX(short, short)
 .text._ZN12Adafruit_GFX8drawCharEsshtth
                0x0000000008009b18      0x108 build_arm_cortex_m3_base_application_stm32l/Adafruit_GFX.o
                0x0000000008009b18                Adafruit_GFX::drawChar(short, short, unsigned char, unsigned short, unsigned short, unsigned char)
 .text._ZN12Adafruit_GFX5writeEh
                0x0000000008009c20       0x74 build_arm_cortex_m3_base_application_stm32l/Adafruit_GFX.o
                0x0000000008009c20                Adafruit_GFX::write(unsigned char)
 .text._ZN12Adafruit_GFX5widthEv
                0x0000000008009c94        0x8 build_arm_cortex_m3_base_application_stm32l/Adafruit_GFX.o
                0x0000000008009c94                Adafruit_GFX::width()
 .text._ZN12Adafruit_GFX6heightEv
                0x0000000008009c9c        0x8 build_arm_cortex_m3_base_application_stm32l/Adafruit_GFX.o
                0x0000000008009c9c                Adafruit_GFX::height()
 .text._ZN19Adafruit_ssd1306syp9updateRowEii
                0x0000000008009ca4       0x20 build_arm_cortex_m3_base_application_stm32l/Adafruit_ssd1306syp.o
                0x0000000008009ca4                Adafruit_ssd1306syp::updateRow(int, int)
 .text._ZN19Adafruit_ssd1306syp9drawPixelEsst
                0x0000000008009cc4       0x70 build_arm_cortex_m3_base_application_stm32l/Adafruit_ssd1306syp.o
                0x0000000008009cc4                Adafruit_ssd1306syp::drawPixel(short, short, unsigned short)
 .text._ZN19Adafruit_ssd1306sypC2Ev
                0x0000000008009d34       0x24 build_arm_cortex_m3_base_application_stm32l/Adafruit_ssd1306syp.o
                0x0000000008009d34                Adafruit_ssd1306syp::Adafruit_ssd1306syp()
                0x0000000008009d34                Adafruit_ssd1306syp::Adafruit_ssd1306syp()
 .text._ZN19Adafruit_ssd1306sypD2Ev
                0x0000000008009d58        0x4 build_arm_cortex_m3_base_application_stm32l/Adafruit_ssd1306syp.o
                0x0000000008009d58                Adafruit_ssd1306syp::~Adafruit_ssd1306syp()
                0x0000000008009d58                Adafruit_ssd1306syp::~Adafruit_ssd1306syp()
 .text._ZN19Adafruit_ssd1306syp9writeByteEh
                0x0000000008009d5c       0x54 build_arm_cortex_m3_base_application_stm32l/Adafruit_ssd1306syp.o
                0x0000000008009d5c                Adafruit_ssd1306syp::writeByte(unsigned char)
 .text._ZN19Adafruit_ssd1306syp8startIICEv
                0x0000000008009db0       0x2c build_arm_cortex_m3_base_application_stm32l/Adafruit_ssd1306syp.o
                0x0000000008009db0                Adafruit_ssd1306syp::startIIC()
 .text._ZN19Adafruit_ssd1306syp7stopIICEv
                0x0000000008009ddc       0x2c build_arm_cortex_m3_base_application_stm32l/Adafruit_ssd1306syp.o
                0x0000000008009ddc                Adafruit_ssd1306syp::stopIIC()
 .text._ZN19Adafruit_ssd1306syp12writeCommandEh
                0x0000000008009e08       0x2c build_arm_cortex_m3_base_application_stm32l/Adafruit_ssd1306syp.o
                0x0000000008009e08                Adafruit_ssd1306syp::writeCommand(unsigned char)
 .text._ZN19Adafruit_ssd1306syp10initializeEv
                0x0000000008009e34      0x104 build_arm_cortex_m3_base_application_stm32l/Adafruit_ssd1306syp.o
                0x0000000008009e34                Adafruit_ssd1306syp::initialize()
 .text._ZN19Adafruit_ssd1306syp17startDataSequenceEv
                0x0000000008009f38       0x1c build_arm_cortex_m3_base_application_stm32l/Adafruit_ssd1306syp.o
                0x0000000008009f38                Adafruit_ssd1306syp::startDataSequence()
 .text._ZN19Adafruit_ssd1306syp6updateEv
                0x0000000008009f54       0x50 build_arm_cortex_m3_base_application_stm32l/Adafruit_ssd1306syp.o
                0x0000000008009f54                Adafruit_ssd1306syp::update()
 .text._ZN19Adafruit_ssd1306syp9updateRowEi
                0x0000000008009fa4       0x70 build_arm_cortex_m3_base_application_stm32l/Adafruit_ssd1306syp.o
                0x0000000008009fa4                Adafruit_ssd1306syp::updateRow(int)
 .text.eeprom_read
                0x000000000800a014        0x4 build_arm_cortex_m3_base_application_stm32l/eeprom.o
                0x000000000800a014                eeprom_read
 .text.eeprom_write
                0x000000000800a018        0x4 build_arm_cortex_m3_base_application_stm32l/eeprom.o
                0x000000000800a018                eeprom_write
 .text.eeprom_erase
                0x000000000800a01c        0x4 build_arm_cortex_m3_base_application_stm32l/eeprom.o
                0x000000000800a01c                eeprom_erase
 .text._ZL11output_highh.part.0
                0x000000000800a020       0x10 build_arm_cortex_m3_base_application_stm32l/LTC68032.o
 .text._ZL10output_lowh.part.1
                0x000000000800a030       0x10 build_arm_cortex_m3_base_application_stm32l/LTC68032.o
 .text.LTC6803_initialize
                0x000000000800a040       0x2c build_arm_cortex_m3_base_application_stm32l/LTC68032.o
                0x000000000800a040                LTC6803_initialize
 .text.LTC6803_wrcfg
                0x000000000800a06c       0xe8 build_arm_cortex_m3_base_application_stm32l/LTC68032.o
                0x000000000800a06c                LTC6803_wrcfg
 .text.LTC6803_stcvad
                0x000000000800a154       0x24 build_arm_cortex_m3_base_application_stm32l/LTC68032.o
                0x000000000800a154                LTC6803_stcvad
 .text.LTC6803_clear_stcvad
                0x000000000800a178       0x24 build_arm_cortex_m3_base_application_stm32l/LTC68032.o
                0x000000000800a178                LTC6803_clear_stcvad
 .text.spi_write_read
                0x000000000800a19c       0x48 build_arm_cortex_m3_base_application_stm32l/LTC68032.o
                0x000000000800a19c                spi_write_read
 .text.LTC6803_rdcfg
                0x000000000800a1e4       0xf8 build_arm_cortex_m3_base_application_stm32l/LTC68032.o
                0x000000000800a1e4                LTC6803_rdcfg
 .text.LTC6803_rdcv
                0x000000000800a2dc      0x128 build_arm_cortex_m3_base_application_stm32l/LTC68032.o
                0x000000000800a2dc                LTC6803_rdcv
 .text._ZN6ModbusC2Ev
                0x000000000800a404        0x4 build_arm_cortex_m3_base_application_stm32l/modbus_rtu.o
                0x000000000800a404                Modbus::Modbus()
                0x000000000800a404                Modbus::Modbus()
 .text._ZN6Modbus14getData_serialEh
                0x000000000800a408       0x18 build_arm_cortex_m3_base_application_stm32l/modbus_rtu.o
                0x000000000800a408                Modbus::getData_serial(unsigned char)
 .text._ZN6Modbus5beginEm
                0x000000000800a420       0x28 build_arm_cortex_m3_base_application_stm32l/modbus_rtu.o
                0x000000000800a420                Modbus::begin(unsigned long)
 .text._ZN6Modbus4initEhhl
                0x000000000800a448       0x14 build_arm_cortex_m3_base_application_stm32l/modbus_rtu.o
                0x000000000800a448                Modbus::init(unsigned char, unsigned char, long)
 .text._ZN6Modbus12sendTxBufferEv
                0x000000000800a45c       0x9c build_arm_cortex_m3_base_application_stm32l/modbus_rtu.o
                0x000000000800a45c                Modbus::sendTxBuffer()
 .text._ZN6Modbus15validateRequestEv
                0x000000000800a4f8      0x128 build_arm_cortex_m3_base_application_stm32l/modbus_rtu.o
                0x000000000800a4f8                Modbus::validateRequest()
 .text._ZN6Modbus11process_FC1EPth
                0x000000000800a620       0xd4 build_arm_cortex_m3_base_application_stm32l/modbus_rtu.o
                0x000000000800a620                Modbus::process_FC1(unsigned short*, unsigned char)
 .text._ZN6Modbus11process_FC3EPth
                0x000000000800a6f4       0x78 build_arm_cortex_m3_base_application_stm32l/modbus_rtu.o
                0x000000000800a6f4                Modbus::process_FC3(unsigned short*, unsigned char)
 .text._ZN6Modbus11process_FC5EPth
                0x000000000800a76c       0x48 build_arm_cortex_m3_base_application_stm32l/modbus_rtu.o
                0x000000000800a76c                Modbus::process_FC5(unsigned short*, unsigned char)
 .text._ZN6Modbus11process_FC6EPth
                0x000000000800a7b4       0x34 build_arm_cortex_m3_base_application_stm32l/modbus_rtu.o
                0x000000000800a7b4                Modbus::process_FC6(unsigned short*, unsigned char)
 .text._ZN6Modbus12process_FC15EPth
                0x000000000800a7e8       0x88 build_arm_cortex_m3_base_application_stm32l/modbus_rtu.o
                0x000000000800a7e8                Modbus::process_FC15(unsigned short*, unsigned char)
 .text._ZN6Modbus12process_FC16EPth
                0x000000000800a870       0x5c build_arm_cortex_m3_base_application_stm32l/modbus_rtu.o
                0x000000000800a870                Modbus::process_FC16(unsigned short*, unsigned char)
 .text._ZN6Modbus4pollEPth
                0x000000000800a8cc      0x130 build_arm_cortex_m3_base_application_stm32l/modbus_rtu.o
                0x000000000800a8cc                Modbus::poll(unsigned short*, unsigned char)
 .text.startup._GLOBAL__sub_I__ZN9DhcpClass13beginWithDHCPEPhmm
                0x000000000800a9fc       0x1c build_arm_cortex_m3_base_application_stm32l/Dhcp.o
 .text.startup._GLOBAL__sub_I__ZN9DNSClient5beginERK9IPAddress
                0x000000000800aa18       0x1c build_arm_cortex_m3_base_application_stm32l/Dns.o
 .text.startup._GLOBAL__sub_I__ZN14EthernetClient8_srcportE
                0x000000000800aa34       0x1c build_arm_cortex_m3_base_application_stm32l/EthernetClient.o
 .text.startup._GLOBAL__sub_I__ZN13EthernetClass6_stateE
                0x000000000800aa50       0x28 build_arm_cortex_m3_base_application_stm32l/Ethernet.o
 .text.startup._GLOBAL__sub_I__ZN14EthernetServerC2Et
                0x000000000800aa78       0x1c build_arm_cortex_m3_base_application_stm32l/EthernetServer.o
 .text.startup._GLOBAL__sub_I__ZN11EthernetUDPC2Ev
                0x000000000800aa94       0x1c build_arm_cortex_m3_base_application_stm32l/EthernetUdp.o
 .text._Z16nrf_nwk_pdu_initv
                0x000000000800aab0       0x40 build_arm_cortex_m3_base_application_stm32l/nrf_data.o
                0x000000000800aab0                nrf_nwk_pdu_init()
 .text._Z18nrf_nwk_pdu_mallocv
                0x000000000800aaf0       0x3c build_arm_cortex_m3_base_application_stm32l/nrf_data.o
                0x000000000800aaf0                nrf_nwk_pdu_malloc()
 .text._Z16nrf_nwk_pdu_freeP13nrf_nwk_pdu_t
                0x000000000800ab2c       0x20 build_arm_cortex_m3_base_application_stm32l/nrf_data.o
                0x000000000800ab2c                nrf_nwk_pdu_free(nrf_nwk_pdu_t*)
 .text._Z15nrf_nwk_pdu_getm
                0x000000000800ab4c       0x10 build_arm_cortex_m3_base_application_stm32l/nrf_data.o
                0x000000000800ab4c                nrf_nwk_pdu_get(unsigned long)
 .text._Z16nrf_nwk_pdu_freem
                0x000000000800ab5c       0x4c build_arm_cortex_m3_base_application_stm32l/nrf_data.o
                0x000000000800ab5c                nrf_nwk_pdu_free(unsigned long)
 .text._Z23nrf_set_static_nwk_addrt
                0x000000000800aba8       0x10 build_arm_cortex_m3_base_application_stm32l/nrf_data.o
                0x000000000800aba8                nrf_set_static_nwk_addr(unsigned short)
 .text._Z23nrf_get_static_nwk_addrv
                0x000000000800abb8       0x1c build_arm_cortex_m3_base_application_stm32l/nrf_data.o
                0x000000000800abb8                nrf_get_static_nwk_addr()
 .text._Z20nrf_set_des_nwk_addrt
                0x000000000800abd4       0x10 build_arm_cortex_m3_base_application_stm32l/nrf_data.o
                0x000000000800abd4                nrf_set_des_nwk_addr(unsigned short)
 .text._Z20nrf_get_des_nwk_addrv
                0x000000000800abe4       0x1c build_arm_cortex_m3_base_application_stm32l/nrf_data.o
                0x000000000800abe4                nrf_get_des_nwk_addr()
 .text._Z20nrf_get_des_phy_addrv
                0x000000000800ac00        0x8 build_arm_cortex_m3_base_application_stm32l/nrf_data.o
                0x000000000800ac00                nrf_get_des_phy_addr()
 .text._Z20nrf_get_src_phy_addrv
                0x000000000800ac08        0x8 build_arm_cortex_m3_base_application_stm32l/nrf_data.o
                0x000000000800ac08                nrf_get_src_phy_addr()
 .text._Z13task_rf24_macP8ak_msg_t
                0x000000000800ac10      0x370 build_arm_cortex_m3_base_application_stm32l/nrf_mac.o
                0x000000000800ac10                task_rf24_mac(ak_msg_t*)
 .text._Z16nrf_nwk_fsm_idleP8ak_msg_t
                0x000000000800af80      0x1cc build_arm_cortex_m3_base_application_stm32l/nrf_nwk.o
                0x000000000800af80                nrf_nwk_fsm_idle(ak_msg_t*)
 .text._Z13task_rf24_nwkP8ak_msg_t
                0x000000000800b14c        0xc build_arm_cortex_m3_base_application_stm32l/nrf_nwk.o
                0x000000000800b14c                task_rf24_nwk(ak_msg_t*)
 .text._Z16nrf_nwk_fsm_initP8ak_msg_t
                0x000000000800b158       0x30 build_arm_cortex_m3_base_application_stm32l/nrf_nwk.o
                0x000000000800b158                nrf_nwk_fsm_init(ak_msg_t*)
 .text._Z23nrf_phy_switch_ptx_modev
                0x000000000800b188       0x1c build_arm_cortex_m3_base_application_stm32l/nrf_phy.o
                0x000000000800b188                nrf_phy_switch_ptx_mode()
 .text._Z23nrf_phy_switch_prx_modev
                0x000000000800b1a4       0x28 build_arm_cortex_m3_base_application_stm32l/nrf_phy.o
                0x000000000800b1a4                nrf_phy_switch_prx_mode()
 .text._Z13task_rf24_phyP8ak_msg_t
                0x000000000800b1cc      0x150 build_arm_cortex_m3_base_application_stm32l/nrf_phy.o
                0x000000000800b1cc                task_rf24_phy(ak_msg_t*)
 .text._ZL19link_hal_write_byteh
                0x000000000800b31c        0x4 build_arm_cortex_m3_base_application_stm32l/link_hal.o
 .text._ZL17link_hal_rev_byteh
                0x000000000800b320        0x4 build_arm_cortex_m3_base_application_stm32l/link_hal.o
 .text._Z23link_hal_reg_write_bytePFhhE
                0x000000000800b324       0x24 build_arm_cortex_m3_base_application_stm32l/link_hal.o
                0x000000000800b324                link_hal_reg_write_byte(unsigned char (*)(unsigned char))
 .text._Z21link_hal_reg_rev_bytePFhhE
                0x000000000800b348       0x24 build_arm_cortex_m3_base_application_stm32l/link_hal.o
                0x000000000800b348                link_hal_reg_rev_byte(unsigned char (*)(unsigned char))
 .text._ZL21fsm_link_state_handleP8ak_msg_t
                0x000000000800b36c      0x298 build_arm_cortex_m3_base_application_stm32l/link.o
 .text._ZL19fsm_link_state_initP8ak_msg_t
                0x000000000800b604       0x2c build_arm_cortex_m3_base_application_stm32l/link.o
 .text._Z9task_linkP8ak_msg_t
                0x000000000800b630        0xc build_arm_cortex_m3_base_application_stm32l/link.o
                0x000000000800b630                task_link(ak_msg_t*)
 .text._Z23link_init_state_machinev
                0x000000000800b63c       0x30 build_arm_cortex_m3_base_application_stm32l/link.o
                0x000000000800b63c                link_init_state_machine()
 .text._ZL23link_mac_frame_send_reqv
                0x000000000800b66c       0x48 build_arm_cortex_m3_base_application_stm32l/link_mac.o
 .text._ZL23link_mac_frame_send_endv
                0x000000000800b6b4       0x38 build_arm_cortex_m3_base_application_stm32l/link_mac.o
 .text._Z25fsm_link_mac_state_handleP8ak_msg_t
                0x000000000800b6ec      0x3e4 build_arm_cortex_m3_base_application_stm32l/link_mac.o
                0x000000000800b6ec                fsm_link_mac_state_handle(ak_msg_t*)
 .text._Z13task_link_macP8ak_msg_t
                0x000000000800bad0        0xc build_arm_cortex_m3_base_application_stm32l/link_mac.o
                0x000000000800bad0                task_link_mac(ak_msg_t*)
 .text._Z23fsm_link_mac_state_initP8ak_msg_t
                0x000000000800badc       0x84 build_arm_cortex_m3_base_application_stm32l/link_mac.o
                0x000000000800badc                fsm_link_mac_state_init(ak_msg_t*)
 .text._ZL20link_phy_frame_writeP16link_phy_frame_t
                0x000000000800bb60       0x30 build_arm_cortex_m3_base_application_stm32l/link_phy.o
 .text._ZL25link_phy_frame_write_byteh
                0x000000000800bb90        0xc build_arm_cortex_m3_base_application_stm32l/link_phy.o
 .text._ZL26ac_link_phy_frame_rev_byteh
                0x000000000800bb9c      0x188 build_arm_cortex_m3_base_application_stm32l/link_phy.o
 .text._ZL19link_phy_frame_sendv.part.0
                0x000000000800bd24       0x1c build_arm_cortex_m3_base_application_stm32l/link_phy.o
 .text._Z25fsm_link_phy_state_handleP8ak_msg_t
                0x000000000800bd40      0x240 build_arm_cortex_m3_base_application_stm32l/link_phy.o
                0x000000000800bd40                fsm_link_phy_state_handle(ak_msg_t*)
 .text._Z13task_link_phyP8ak_msg_t
                0x000000000800bf80        0xc build_arm_cortex_m3_base_application_stm32l/link_phy.o
                0x000000000800bf80                task_link_phy(ak_msg_t*)
 .text._Z23fsm_link_phy_state_initP8ak_msg_t
                0x000000000800bf8c       0x90 build_arm_cortex_m3_base_application_stm32l/link_phy.o
                0x000000000800bf8c                fsm_link_phy_state_init(ak_msg_t*)
 .text._Z26link_phy_get_send_frame_tov
                0x000000000800c01c       0x10 build_arm_cortex_m3_base_application_stm32l/link_phy.o
                0x000000000800c01c                link_phy_get_send_frame_to()
 .text._Z13link_pdu_initv
                0x000000000800c02c       0x5c build_arm_cortex_m3_base_application_stm32l/link_data.o
                0x000000000800c02c                link_pdu_init()
 .text._Z15link_pdu_mallocv
                0x000000000800c088       0x38 build_arm_cortex_m3_base_application_stm32l/link_data.o
                0x000000000800c088                link_pdu_malloc()
 .text._Z12link_pdu_getm
                0x000000000800c0c0       0x44 build_arm_cortex_m3_base_application_stm32l/link_data.o
                0x000000000800c0c0                link_pdu_get(unsigned long)
 .text._Z13link_pdu_freem
                0x000000000800c104       0x50 build_arm_cortex_m3_base_application_stm32l/link_data.o
                0x000000000800c104                link_pdu_free(unsigned long)
 .text._Z17link_get_src_addrv
                0x000000000800c154       0x18 build_arm_cortex_m3_base_application_stm32l/link_data.o
                0x000000000800c154                link_get_src_addr()
 .text._Z17link_get_des_addrv
                0x000000000800c16c       0x18 build_arm_cortex_m3_base_application_stm32l/link_data.o
                0x000000000800c16c                link_get_des_addr()
 .text._Z7pinModehh
                0x000000000800c184      0x134 build_arm_cortex_m3_base_application_stm32l/wiring_digital.o
                0x000000000800c184                pinMode(unsigned char, unsigned char)
 .text._Z12digitalWritehh
                0x000000000800c2b8      0x108 build_arm_cortex_m3_base_application_stm32l/wiring_digital.o
                0x000000000800c2b8                digitalWrite(unsigned char, unsigned char)
 .text._ZN5Print5writeEPKhj
                0x000000000800c3c0       0x28 build_arm_cortex_m3_base_application_stm32l/Print.o
                0x000000000800c3c0                Print::write(unsigned char const*, unsigned int)
 .text._ZN5Print5printEc
                0x000000000800c3e8        0x8 build_arm_cortex_m3_base_application_stm32l/Print.o
                0x000000000800c3e8                Print::print(char)
 .text._ZN5Print11printNumberEmh
                0x000000000800c3f0       0x54 build_arm_cortex_m3_base_application_stm32l/Print.o
                0x000000000800c3f0                Print::printNumber(unsigned long, unsigned char)
 .text._ZN5Print5printEmi
                0x000000000800c444       0x14 build_arm_cortex_m3_base_application_stm32l/Print.o
                0x000000000800c444                Print::print(unsigned long, int)
 .text._ZN5Print5printEhi
                0x000000000800c458        0x4 build_arm_cortex_m3_base_application_stm32l/Print.o
                0x000000000800c458                Print::print(unsigned char, int)
 .text._Z8makeWordhh
                0x000000000800c45c        0x8 build_arm_cortex_m3_base_application_stm32l/WMath.o
                0x000000000800c45c                makeWord(unsigned char, unsigned char)
 .text._ZNK9IPAddress7printToER5Print
                0x000000000800c464       0x40 build_arm_cortex_m3_base_application_stm32l/IPAddress.o
                0x000000000800c464                IPAddress::printTo(Print&) const
 .text._ZN9IPAddressC2Ev
                0x000000000800c4a4       0x10 build_arm_cortex_m3_base_application_stm32l/IPAddress.o
                0x000000000800c4a4                IPAddress::IPAddress()
                0x000000000800c4a4                IPAddress::IPAddress()
 .text._ZN9IPAddressC2Ehhhh
                0x000000000800c4b4       0x1c build_arm_cortex_m3_base_application_stm32l/IPAddress.o
                0x000000000800c4b4                IPAddress::IPAddress(unsigned char, unsigned char, unsigned char, unsigned char)
                0x000000000800c4b4                IPAddress::IPAddress(unsigned char, unsigned char, unsigned char, unsigned char)
 .text._ZN8SPIClass9io_configEv
                0x000000000800c4d0       0x7c build_arm_cortex_m3_base_application_stm32l/SPI.o
                0x000000000800c4d0                SPIClass::io_config()
 .text._ZN8SPIClass5beginEv
                0x000000000800c54c       0x48 build_arm_cortex_m3_base_application_stm32l/SPI.o
                0x000000000800c54c                SPIClass::begin()
 .text._ZN8SPIClass8transferEh
                0x000000000800c594       0x98 build_arm_cortex_m3_base_application_stm32l/SPI.o
                0x000000000800c594                SPIClass::transfer(unsigned char)
 .text.startup._GLOBAL__sub_I__ZN8SPIClassC2Ev
                0x000000000800c62c       0x14 build_arm_cortex_m3_base_application_stm32l/SPI.o
 .text._ZN7TwoWire9availableEv
                0x000000000800c640       0x14 build_arm_cortex_m3_base_application_stm32l/Wire.o
                0x000000000800c640                TwoWire::available()
 .text._ZN7TwoWire4readEv
                0x000000000800c654       0x28 build_arm_cortex_m3_base_application_stm32l/Wire.o
                0x000000000800c654                TwoWire::read()
 .text._ZN7TwoWire4peekEv
                0x000000000800c67c       0x24 build_arm_cortex_m3_base_application_stm32l/Wire.o
                0x000000000800c67c                TwoWire::peek()
 .text._ZN7TwoWire5flushEv
                0x000000000800c6a0        0x4 build_arm_cortex_m3_base_application_stm32l/Wire.o
                0x000000000800c6a0                TwoWire::flush()
 .text._ZN7TwoWire5writeEh
                0x000000000800c6a4       0x60 build_arm_cortex_m3_base_application_stm32l/Wire.o
                0x000000000800c6a4                TwoWire::write(unsigned char)
 .text._ZN7TwoWire5writeEPKhj
                0x000000000800c704       0x38 build_arm_cortex_m3_base_application_stm32l/Wire.o
                0x000000000800c704                TwoWire::write(unsigned char const*, unsigned int)
 .text.startup._GLOBAL__sub_I__ZN7TwoWire8rxBufferE
                0x000000000800c73c       0x1c build_arm_cortex_m3_base_application_stm32l/Wire.o
 .text._Z12twi_transmitPKhh
                0x000000000800c758       0x48 build_arm_cortex_m3_base_application_stm32l/twi.o
                0x000000000800c758                twi_transmit(unsigned char const*, unsigned char)
 .text.__cxa_pure_virtual
                0x000000000800c7a0       0x18 build_arm_cortex_m3_base_application_stm32l/mini_cpp.o
                0x000000000800c7a0                __cxa_pure_virtual
 .text._sbrk    0x000000000800c7b8       0x1c build_arm_cortex_m3_base_application_stm32l/mini_cpp.o
                0x000000000800c7b8                _sbrk
 .text.__locale_ctype_ptr_l
                0x000000000800c7d4        0x8 /home/giaun/tool_linux/gcc-arm-none-eabi-7-2017-q4-major/arm-none-eabi/lib/thumb/v7-m/libc.a(lib_a-locale.o)
                0x000000000800c7d4                __locale_ctype_ptr_l
 .text.malloc   0x000000000800c7dc       0x10 /home/giaun/tool_linux/gcc-arm-none-eabi-7-2017-q4-major/arm-none-eabi/lib/thumb/v7-m/libc.a(lib_a-malloc.o)
                0x000000000800c7dc                malloc
 .text.free     0x000000000800c7ec       0x10 /home/giaun/tool_linux/gcc-arm-none-eabi-7-2017-q4-major/arm-none-eabi/lib/thumb/v7-m/libc.a(lib_a-malloc.o)
                0x000000000800c7ec                free
 .text._malloc_r
                0x000000000800c7fc      0x524 /home/giaun/tool_linux/gcc-arm-none-eabi-7-2017-q4-major/arm-none-eabi/lib/thumb/v7-m/libc.a(lib_a-mallocr.o)
                0x000000000800c7fc                _malloc_r
 .text.__ascii_mbtowc
                0x000000000800cd20       0x2c /home/giaun/tool_linux/gcc-arm-none-eabi-7-2017-q4-major/arm-none-eabi/lib/thumb/v7-m/libc.a(lib_a-mbtowc_r.o)
                0x000000000800cd20                __ascii_mbtowc
 .text.memcmp   0x000000000800cd4c       0x64 /home/giaun/tool_linux/gcc-arm-none-eabi-7-2017-q4-major/arm-none-eabi/lib/thumb/v7-m/libc.a(lib_a-memcmp.o)
                0x000000000800cd4c                memcmp
 .text.memset   0x000000000800cdb0       0x94 /home/giaun/tool_linux/gcc-arm-none-eabi-7-2017-q4-major/arm-none-eabi/lib/thumb/v7-m/libc.a(lib_a-memset.o)
                0x000000000800cdb0                memset
 .text.__malloc_lock
                0x000000000800ce44        0xc /home/giaun/tool_linux/gcc-arm-none-eabi-7-2017-q4-major/arm-none-eabi/lib/thumb/v7-m/libc.a(lib_a-mlock.o)
                0x000000000800ce44                __malloc_lock
 .text.__malloc_unlock
                0x000000000800ce50        0xc /home/giaun/tool_linux/gcc-arm-none-eabi-7-2017-q4-major/arm-none-eabi/lib/thumb/v7-m/libc.a(lib_a-mlock.o)
                0x000000000800ce50                __malloc_unlock
 .text.rand     0x000000000800ce5c       0x3c /home/giaun/tool_linux/gcc-arm-none-eabi-7-2017-q4-major/arm-none-eabi/lib/thumb/v7-m/libc.a(lib_a-rand.o)
                0x000000000800ce5c                rand
 .text._sbrk_r  0x000000000800ce98       0x24 /home/giaun/tool_linux/gcc-arm-none-eabi-7-2017-q4-major/arm-none-eabi/lib/thumb/v7-m/libc.a(lib_a-sbrkr.o)
                0x000000000800ce98                _sbrk_r
 .text.strcpy   0x000000000800cebc       0xbc /home/giaun/tool_linux/gcc-arm-none-eabi-7-2017-q4-major/arm-none-eabi/lib/thumb/v7-m/libc.a(lib_a-strcpy.o)
                0x000000000800cebc                strcpy
 .text.strlen   0x000000000800cf78       0x5c /home/giaun/tool_linux/gcc-arm-none-eabi-7-2017-q4-major/arm-none-eabi/lib/thumb/v7-m/libc.a(lib_a-strlen-stub.o)
                0x000000000800cf78                strlen
 .text._strtol_l.isra.0
                0x000000000800cfd4      0x124 /home/giaun/tool_linux/gcc-arm-none-eabi-7-2017-q4-major/arm-none-eabi/lib/thumb/v7-m/libc.a(lib_a-strtol.o)
 .text.strtol   0x000000000800d0f8       0x2c /home/giaun/tool_linux/gcc-arm-none-eabi-7-2017-q4-major/arm-none-eabi/lib/thumb/v7-m/libc.a(lib_a-strtol.o)
                0x000000000800d0f8                strtol
 .text.__ascii_wctomb
                0x000000000800d124       0x18 /home/giaun/tool_linux/gcc-arm-none-eabi-7-2017-q4-major/arm-none-eabi/lib/thumb/v7-m/libc.a(lib_a-wctomb_r.o)
                0x000000000800d124                __ascii_wctomb
 .text._malloc_trim_r
                0x000000000800d13c       0xa0 /home/giaun/tool_linux/gcc-arm-none-eabi-7-2017-q4-major/arm-none-eabi/lib/thumb/v7-m/libc.a(lib_a-freer.o)
                0x000000000800d13c                _malloc_trim_r
 .text._free_r  0x000000000800d1dc      0x1e8 /home/giaun/tool_linux/gcc-arm-none-eabi-7-2017-q4-major/arm-none-eabi/lib/thumb/v7-m/libc.a(lib_a-freer.o)
                0x000000000800d1dc                _free_r
 .text.__retarget_lock_acquire_recursive
                0x000000000800d3c4        0x4 /home/giaun/tool_linux/gcc-arm-none-eabi-7-2017-q4-major/arm-none-eabi/lib/thumb/v7-m/libc.a(lib_a-lock.o)