io_cfg.c:31:6:io_button_mode_init	16	static
io_cfg.c:44:6:io_button_up_init	16	static
io_cfg.c:57:6:io_button_down_init	16	static
io_cfg.c:70:9:io_button_mode_read	0	static
io_cfg.c:74:9:io_button_up_read	0	static
io_cfg.c:78:9:io_button_down_read	0	static
io_cfg.c:85:6:led_life_init	16	static
io_cfg.c:98:6:led_life_on	0	static
io_cfg.c:102:6:led_life_off	0	static
io_cfg.c:109:6:spi_cs_init	16	static
io_cfg.c:122:6:spi_cs_high	0	static
io_cfg.c:126:6:spi_cs_low	0	static
io_cfg.c:133:6:nrf24l01_io_ctrl_init	40	static
io_cfg.c:184:6:nrf24l01_spi_ctrl_init	48	static
io_cfg.c:236:6:nrf24l01_ce_low	0	static
io_cfg.c:240:6:nrf24l01_ce_high	0	static
io_cfg.c:244:6:nrf24l01_csn_low	0	static
io_cfg.c:248:6:nrf24l01_csn_high	0	static
io_cfg.c:252:9:nrf24l01_spi_rw	24	static
io_cfg.c:282:6:flash_io_ctrl_init	0	static
io_cfg.c:295:6:flash_cs_low	0	static
io_cfg.c:299:6:flash_cs_high	0	static
io_cfg.c:303:9:flash_transfer	0	static
io_cfg.c:333:6:timer_1s_init	32	static
io_cfg.c:355:6:timer_1s_enable	8	static
io_cfg.c:361:6:timer_1s_disable	8	static
io_cfg.c:367:6:timer_50us_enable	8	static
io_cfg.c:373:6:timer_50us_disable	8	static
io_cfg.c:382:6:ir_rev_io_init	32	static
io_cfg.c:411:6:ir_rev_io_irq_disable	16	static
io_cfg.c:420:6:ir_rev_io_irq_enable	16	static
io_cfg.c:429:6:ir_carrier_freq_init	32	static
io_cfg.c:457:6:ir_carrier_freq_on	16	static
io_cfg.c:476:6:ir_carrier_freq_off	24	static
io_cfg.c:498:6:ir_dir_io_config	16	static
io_cfg.c:518:6:ir_select_direction	8	static
io_cfg.c:548:6:sht1x_clk_input_mode	16	static
io_cfg.c:560:6:sht1x_clk_output_mode	16	static
io_cfg.c:574:6:sht1x_clk_digital_write_low	0	static
io_cfg.c:578:6:sht1x_clk_digital_write_high	0	static
io_cfg.c:582:6:sht1x_data_input_mode	16	static
io_cfg.c:594:6:sht1x_data_output_mode	16	static
io_cfg.c:605:6:sht1x_data_digital_write_low	0	static
io_cfg.c:609:6:sht1x_data_digital_write_high	0	static
io_cfg.c:613:5:sht1x_data_digital_read	8	static
io_cfg.c:621:6:ds1302_ce_input_mode	16	static
io_cfg.c:633:6:ds1302_ce_output_mode	16	static
io_cfg.c:645:6:ds1302_ce_digital_write_low	0	static
io_cfg.c:649:6:ds1302_ce_digital_write_high	0	static
io_cfg.c:654:6:ds1302_clk_input_mode	16	static
io_cfg.c:667:6:ds1302_clk_output_mode	16	static
io_cfg.c:680:6:ds1302_clk_digital_write_low	0	static
io_cfg.c:684:6:ds1302_clk_digital_write_high	0	static
io_cfg.c:689:6:ds1302_data_input_mode	16	static
io_cfg.c:701:6:ds1302_data_output_mode	16	static
io_cfg.c:712:6:ds1302_data_digital_write_low	0	static
io_cfg.c:716:6:ds1302_data_digital_write_high	0	static
io_cfg.c:720:9:ds1302_data_digital_read	0	static
io_cfg.c:728:6:io_cfg_dac_hs1101	24	static
io_cfg.c:750:6:io_cfg_comp_hs1101	32	static
io_cfg.c:776:6:io_cfg_timer3_hs1101	56	static
io_cfg.c:818:6:io_cfg_timer4_hs1101	48	static
io_cfg.c:855:10:io_timer4_get_capture	0	static
io_cfg.c:859:6:io_reset_timer4_capture	0	static
io_cfg.c:863:6:io_start_timer4_capture	0	static
io_cfg.c:867:6:io_hs1101_read_enable	8	static
io_cfg.c:882:6:io_hs1101_read_disable	8	static
io_cfg.c:905:6:io_cfg_adc1_dma1cn1	96	static
io_cfg.c:985:6:io_cfg_adc1	32	static
io_cfg.c:1002:6:adc_ct_io_cfg	16	static
io_cfg.c:1015:6:adc_thermistor_io_cfg	16	static
io_cfg.c:1025:10:adc_ct_io_read	8	static
io_cfg.c:1034:10:adc_thermistor_io_read	8	static
io_cfg.c:1044:6:io_74hc4052_init	16	static
io_cfg.c:1060:6:adc_74hc4052_set_pin_mode	8	static
io_cfg.c:1092:6:ssd1306_clk_input_mode	16	static
io_cfg.c:1104:6:ssd1306_clk_output_mode	16	static
io_cfg.c:1117:6:ssd1306_clk_digital_write_low	0	static
io_cfg.c:1121:6:ssd1306_clk_digital_write_high	0	static
io_cfg.c:1125:6:ssd1306_data_input_mode	16	static
io_cfg.c:1137:6:ssd1306_data_output_mode	16	static
io_cfg.c:1148:6:ssd1306_data_digital_write_low	0	static
io_cfg.c:1152:6:ssd1306_data_digital_write_high	0	static
io_cfg.c:1156:5:ssd1306_data_digital_read	8	static
io_cfg.c:1165:9:io_eeprom_read	16	static
io_cfg.c:1181:9:io_eeprom_write	24	static
io_cfg.c:1211:9:io_eeprom_erase	16	static
io_cfg.c:1244:6:internal_flash_unlock	8	static
io_cfg.c:1250:6:internal_flash_lock	0	static
io_cfg.c:1254:6:internal_flash_erase_pages_cal	16	static
io_cfg.c:1269:9:internal_flash_write_cal	48	static
io_cfg.c:1297:6:RS485_uart_init	48	static
io_cfg.c:1358:6:io_cfg_RS485_dir_pin	16	static
io_cfg.c:1371:6:io_uart_RS485_mode_set	0	static
io_cfg.c:1379:6:io_RS485_dir_pin_set	0	static
io_cfg.c:1383:6:io_RS485_dir_pin_reset	0	static
io_cfg.c:1387:6:io_uart_rs485_transfer	8	static
io_cfg.c:1393:9:io_uart_RS485_get_byte	16	static
