LTC68032.cpp:104:6:void output_high(uint8_t)	0	static
LTC68032.cpp:97:6:void output_low(uint8_t)	0	static
LTC68032.cpp:111:6:void output_init(uint8_t)	0	static
LTC68032.cpp:129:6:void LTC6803_initialize()	8	static
LTC68032.cpp:150:6:void LTC6803_wrcfg(uint8_t, uint8_t (*)[6])	56	static
LTC68032.cpp:241:6:void LTC6803_stcvad()	8	static
LTC68032.cpp:250:6:void LTC6803_clear_stcvad()	8	static
LTC68032.cpp:260:6:void LTC6803_sttmpad()	8	static
LTC68032.cpp:372:9:uint8_t pec8_calc(uint8_t, uint8_t*)	4	static
LTC68032.cpp:416:6:void spi_write_array(uint8_t, uint8_t*)	16	static
LTC68032.cpp:428:6:void spi_write_read(uint8_t*, uint8_t, uint8_t*, uint8_t)	24	static
LTC68032.cpp:190:8:int8_t LTC6803_rdcfg(uint8_t, uint8_t (*)[7])	56	static
LTC68032.cpp:271:8:int8_t LTC6803_rdtmp(uint8_t, uint16_t (*)[3])	48	static
LTC68032.cpp:317:9:uint8_t LTC6803_rdcv(uint8_t, uint16_t (*)[12])	48	static
