shell.cpp:587:9:int32_t shell_dbg(uint8_t*)	0	static
shell.cpp:848:9:int32_t shell_accu(uint8_t*)	48	static
shell.cpp:799:9:int32_t shell_fwu(uint8_t*)	96	static
shell.cpp:232:9:int32_t shell_reboot(uint8_t*)	8	static
shell.cpp:398:9:int32_t shell_stt(uint8_t*)	8	static
shell.cpp:129:9:uint8_t str_parser(char*)	24	static
shell.cpp:239:9:int32_t shell_fatal(uint8_t*)	128	static
shell.cpp:173:9:int32_t shell_ver(uint8_t*)	24	static
shell.cpp:167:9:int32_t shell_reset(uint8_t*)	8	static
shell.cpp:200:9:int32_t shell_help(uint8_t*)	16	static
shell.cpp:733:9:int32_t shell_boot(uint8_t*)	104	static
shell.cpp:406:9:int32_t shell_epi(uint8_t*)	0	static
shell.cpp:411:9:int32_t shell_eps(uint8_t*)	32	static
shell.cpp:464:9:int32_t shell_flash(uint8_t*)	32	static
shell.cpp:592:9:int32_t shell_ram(uint8_t*)	24	static
shell.cpp:816:9:int32_t shell_svc(uint8_t*)	8	static
shell.cpp:830:9:int32_t shell_psv(uint8_t*)	0	static
shell.cpp:836:10:uint32_t myPow(uint8_t, uint8_t)	0	static
shell.cpp:537:9:int32_t shell_lcd(uint8_t*)	8	static
