sys_cfg.c:209:6:xputchar	8	static
sys_cfg.c:45:6:sys_cfg_clock	8	static
sys_cfg.c:56:6:sys_cfg_tick	24	static
sys_cfg.c:75:6:sys_cfg_console	48	static
sys_cfg.c:131:6:sys_cfg_svc	16	static
sys_cfg.c:140:6:sys_cfg_pendsv	16	static
sys_cfg.c:149:6:sys_cfg_update_info	40	static
sys_cfg.c:219:6:sys_ctrl_shell_put_char	8	static
sys_cfg.c:229:9:sys_ctrl_shell_get_char	16	static
sys_cfg.c:240:6:sys_ctrl_reset	0	static
sys_cfg.c:244:6:sys_ctrl_delay_us	16	static
sys_cfg.c:250:6:sys_ctrl_delay_ms	24	static
sys_cfg.c:274:6:sys_ctr_sleep_wait_for_irq	0	static
sys_cfg.c:288:10:sys_ctr_get_exception_number	8	static
sys_cfg.c:293:6:sys_ctr_restart_app	24	static
sys_cfg.c:319:6:sys_ctrl_independent_watchdog_init	8	static
sys_cfg.c:330:6:sys_ctrl_independent_watchdog_reset	8	static
sys_cfg.c:339:6:sys_ctrl_soft_watchdog_init	24	static
sys_cfg.c:363:6:sys_ctrl_soft_watchdog_reset	8	static
sys_cfg.c:369:6:sys_ctrl_soft_watchdog_enable	8	static
sys_cfg.c:375:6:sys_ctrl_soft_watchdog_disable	8	static
sys_cfg.c:381:6:sys_ctrl_soft_watchdog_increase_counter	8	static
sys_cfg.c:389:6:sys_ctrl_get_firmware_info	8	static
sys_cfg.c:407:6:task_irq_io_entry_trigger	0	static
sys_cfg.c:413:6:task_irq_io_exit_trigger	0	static
