system.c:335:30:svc_handler	0	static
system.c:345:30:pendsv_handler	0	static
system.c:198:6:default_handler	8	static
system.c:255:6:nmi_handler	8	static
system.c:259:6:hard_fault_handler	8	static
system.c:263:6:mem_manage_handler	8	static
system.c:267:6:bus_fault_handler	8	static
system.c:271:6:usage_fault_handler	8	static
system.c:280:6:systick_handler	8	static
system.c:358:6:shell_handler	8	static
system.c:381:6:RS485_handler	8	static
system.c:387:6:exti_line1_irq	8	static
system.c:409:6:timer6_irq	8	static
system.c:437:6:DMA1_Channel1_IRQHandler	8	static
system.c:420:6:timer7_irq	8	static
system.c:173:1:sys_ctrl_delay	0	static
system.c:202:6:reset_handler	16	static
system.c:183:10:sys_ctrl_millis	16	static
system.c:191:6:_init	0	static
system.c:306:6:svc_exe	16	static
system.c:330:6:pendsv_exe	8	static
system.c:398:6:exti_line15_irq	8	static
system.c:427:6:timer4_irq	8	static
system.c:447:6:usb_lp_irq	8	static
